MetaWare Linker (ELF/ARCompact) 8.4.6
(c) Copyright 1995-2009, ARC International			Page 1
Thu Jun 21 11:06:32 2012



Command line: /cs/course/current/embsys/ARC/MetaWare/arc/bin/ldac\
		 -uInterruptTable -e _start\
		 /cs/course/current/embsys/ARC/MetaWare/arc/lib/a6/le/crt1.o\
		 /cs/course/current/embsys/ARC/MetaWare/arc/lib/a6/le/crti.o\
		 UITester.o LCD.o timer.o tebahpla.o input_panel.o UI.o\
		 network.o embsys_sms_protocol.sol smsClient.o ivt.o\
		 tx.a device.svr3 -m\
		 -L/cs/course/current/embsys/ARC/MetaWare/arc/lib/a6/le\
		 -lcct -lct -lhlt -lmw -o chk.out

Arguments after expansion:
	 -uInterruptTable -e _start \
	/cs/course/current/embsys/ARC/MetaWare/arc/lib/a6/le/crt1.o \
	/cs/course/current/embsys/ARC/MetaWare/arc/lib/a6/le/crti.o \
	UITester.o LCD.o timer.o tebahpla.o input_panel.o UI.o \
	network.o embsys_sms_protocol.sol smsClient.o ivt.o \
	tx.a(tx_thread_context_save.o) \
	tx.a(tx_thread_context_restore.o) tx.a(tx_timer_interrupt.o) \
	tx.a(tx_initialize_kernel_enter.o) \
	tx.a(tx_thread_initialize.o) tx.a(tx_thread_sleep.o) \
	tx.a(tx_thread_system_suspend.o) tx.a(tx_thread_time_slice.o) \
	tx.a(tx_time_get.o) tx.a(tx_timer_expiration_process.o) \
	tx.a(tx_timer_initialize.o) tx.a(tx_timer_system_activate.o) \
	tx.a(tx_timer_thread_entry.o) tx.a(txe_event_flags_create.o) \
	tx.a(txe_event_flags_get.o) tx.a(txe_event_flags_set.o) \
	tx.a(txe_queue_create.o) tx.a(txe_queue_receive.o) \
	tx.a(txe_queue_send.o) tx.a(txe_thread_create.o) \
	tx.a(tx_initialize_low_level.o) tx.a(tx_thread_schedule.o) \
	tx.a(tx_thread_system_return.o) tx.a(tx_event_flags_create.o) \
	tx.a(tx_event_flags_get.o) tx.a(tx_event_flags_set.o) \
	tx.a(tx_initialize_high_level.o) tx.a(tx_queue_create.o) \
	tx.a(tx_queue_receive.o) tx.a(tx_queue_send.o) \
	tx.a(tx_thread_create.o) tx.a(tx_thread_shell_entry.o) \
	tx.a(tx_thread_system_preempt_check.o) \
	tx.a(tx_thread_system_resume.o) tx.a(tx_thread_timeout.o) \
	tx.a(tx_timer_system_deactivate.o) \
	tx.a(tx_thread_stack_build.o) tx.a(tx_event_flags_cleanup.o) \
	tx.a(tx_queue_cleanup.o) -m \
	-L/cs/course/current/embsys/ARC/MetaWare/arc/lib/a6/le \
	/cs/course/current/embsys/ARC/MetaWare/arc/lib/a6/le/libct.a(lzdecompress.o) \
	/cs/course/current/embsys/ARC/MetaWare/arc/lib/a6/le/libct.a(arc_main.o) \
	/cs/course/current/embsys/ARC/MetaWare/arc/lib/a6/le/libct.a(xcheck.o) \
	/cs/course/current/embsys/ARC/MetaWare/arc/lib/a6/le/libct.a(atexit.o) \
	/cs/course/current/embsys/ARC/MetaWare/arc/lib/a6/le/libct.a(_cleanup.o) \
	/cs/course/current/embsys/ARC/MetaWare/arc/lib/a6/le/libct.a(exit.o) \
	/cs/course/current/embsys/ARC/MetaWare/arc/lib/a6/le/libct.a(initcopy.o) \
	/cs/course/current/embsys/ARC/MetaWare/arc/lib/a6/le/libct.a(memcpy.o) \
	/cs/course/current/embsys/ARC/MetaWare/arc/lib/a6/le/libct.a(f_memset.o) \
	/cs/course/current/embsys/ARC/MetaWare/arc/lib/a6/le/libct.a(strcpy.o) \
	/cs/course/current/embsys/ARC/MetaWare/arc/lib/a6/le/libct.a(strlen.o) \
	/cs/course/current/embsys/ARC/MetaWare/arc/lib/a6/le/libct.a(_fclosfp.o) \
	/cs/course/current/embsys/ARC/MetaWare/arc/lib/a6/le/libct.a(_enable.o) \
	/cs/course/current/embsys/ARC/MetaWare/arc/lib/a6/le/libct.a(invcache.o) \
	/cs/course/current/embsys/ARC/MetaWare/arc/lib/a6/le/libct.a(memchr.o) \
MetaWare Linker (ELF/ARCompact) 8.4.6
(c) Copyright 1995-2009, ARC International			Page 2
Thu Jun 21 11:06:32 2012

	/cs/course/current/embsys/ARC/MetaWare/arc/lib/a6/le/libhlt.a(argv.o) \
	/cs/course/current/embsys/ARC/MetaWare/arc/lib/a6/le/libhlt.a(_exit.o) \
	/cs/course/current/embsys/ARC/MetaWare/arc/lib/a6/le/libhlt.a(hl_bios.o) \
	/cs/course/current/embsys/ARC/MetaWare/arc/lib/a6/le/libhlt.a(hl_data.o) \
	/cs/course/current/embsys/ARC/MetaWare/arc/lib/a6/le/libhlt.a(hl_lock.o) \
	/cs/course/current/embsys/ARC/MetaWare/arc/lib/a6/le/libhlt.a(hostcom.o) \
	/cs/course/current/embsys/ARC/MetaWare/arc/lib/a6/le/libmw.a(ac_chkstk.o) \
	/cs/course/current/embsys/ARC/MetaWare/arc/lib/a6/le/libmw.a(ac_mc_13.o) \
	/cs/course/current/embsys/ARC/MetaWare/arc/lib/a6/le/libmw.a(ac_mc_va.o) \
	/cs/course/current/embsys/ARC/MetaWare/arc/lib/a6/le/libmw.a(div.o) \
	/cs/course/current/embsys/ARC/MetaWare/arc/lib/a6/le/libmw.a(mwsetbitu.o) \
	[ -Bbind=.text$bithelper$__mwsetbitu1,.debug_frame.0 \
	-Bbind=.text$bithelper$__mwsetbitu2,.debug_frame.1 \
	-Bbind=.text$bithelper$__mwsetbitu,.debug_frame.2 ] \
	/cs/course/current/embsys/ARC/MetaWare/arc/lib/a6/le/libmw.a(mwsetubitu.o) \
	[ -Bbind=.text$bithelper$__mwsetubitu1,.debug_frame.0 \
	-Bbind=.text$bithelper$__mwsetubitu2,.debug_frame.1 \
	-Bbind=.text$bithelper$__mwsetubitu,.debug_frame.2 ] \
	/cs/course/current/embsys/ARC/MetaWare/arc/lib/a6/le/libmw.a(_ucdata_end.o) \
	/cs/course/current/embsys/ARC/MetaWare/arc/lib/a6/le/libmw.a(mutexg.o) \
	/cs/course/current/embsys/ARC/MetaWare/arc/lib/a6/le/libmw.a(mwdctor.o) \
	/cs/course/current/embsys/ARC/MetaWare/arc/lib/a6/le/libmw.a(_vdmemcpy.o) \
	/cs/course/current/embsys/ARC/MetaWare/arc/lib/a6/le/libmw.a(_vsmemcpy.o) \
	/cs/course/current/embsys/ARC/MetaWare/arc/lib/a6/le/libmw.a(_memclr.o) \
	/cs/course/current/embsys/ARC/MetaWare/arc/lib/a6/le/libmw.a(startk.o) \
	/cs/course/current/embsys/ARC/MetaWare/arc/lib/a6/le/libmw.a(div0max.o) \
	/cs/course/current/embsys/ARC/MetaWare/arc/lib/a6/le/libmw.a(mwinsert.o) \
	[ -Bbind=.text$bithelper$__mwinsert,.debug_frame.0 ] -o \
	chk.out 

Command file "device.svr3":
    MEMORY {
           ROM: ORIGIN = 0x00000000 LENGTH = 32K
           RAM: ORIGIN = 0x00080000 LENGTH = 64K
    }

    INITDATA !data

    SECTIONS {
       GROUP: {
          INTERRUPT_TABLE: {}
          * (TEXT): {}
          * (LIT): {}
       } > ROM
       GROUP: {
          *(BSS): {}
          .stack ALIGN(4) SIZE(0x1000): {}
       } > RAM
    }

OUTPUT MODULE NAME:	chk.out
OUTPUT MODULE FORMAT:	Absolute Executable
_____________________________


SIZE SUMMARY
MetaWare Linker (ELF/ARCompact) 8.4.6
(c) Copyright 1995-2009, ARC International			Page 3
Thu Jun 21 11:06:32 2012

------------

   Executable code            = 21252 (20.75KB)
   Read only data (lit)       =  1040 ( 1.02KB)
   Writable data              =     0 ( 0.00KB)
   BSS(zero fill)             = 43788 (42.76KB)
   Unallocated (e.g., Debug)  = 83309 (81.36KB)

   Total read only portion (code + lit)   = 22292 (21.77KB)
   Total read/write portion (data + bss)  = 43788 (42.76KB)
   Total ROM size (code+lit+data)         = 22292 (21.77KB)

SECTION SUMMARY
_______________

OUTPUT/  TYPE   START     END
 INPUT SECTION  ADDRESS   ADDRESS   LENGTH

INTERRUPT_TABLE
         text   00000000  0000014b  0000014c
.fini    text   0000014c  0000015f  00000014
.init    text   00000160  00000193  00000034
.text    text   000001a0  00005303  00005164
.initdat lit    00005304  000055ef  000002ec
.rodata  lit    000055f0  00005713  00000124
.bss     bss    00080000  0008905f  00009060
.data1   bss    00089100  00089827  00000728
.ucdata  bss    00089900  000899ff  00000100
.sdata   bss    00089a00  00089ad1  000000d2
.data    bss    00089ad4  00089b08  00000035
.stack   bss    00089b0c  0008ab0b  00001000


SECTION DETAILS
_______________

OUTPUT/  TYPE   START     END
 INPUT SECTION  ADDRESS   ADDRESS   LENGTH   MODULE NAME

INTERRUPT_TABLE
         text   00000000  0000014b  0000014c

    INTERRUPT_TABLE
                00000000  0000014b  0000014c  ivt.o
                00000000   InterruptTable

.fini    text   0000014c  0000015f  00000014

    .fini       0000014c  0000014f  00000004  /cs/course/current/embsys/ARC/MetaWare/arc/lib/a6/le/crti.o
                0000014c   _fini
    .fini$999999
                00000150  0000015f  00000010  /cs/course/current/embsys/ARC/MetaWare/arc/lib/a6/le/crti.o

.init    text   00000160  00000193  00000034

    .init       00000160  00000163  00000004  /cs/course/current/embsys/ARC/MetaWare/arc/lib/a6/le/crti.o
MetaWare Linker (ELF/ARCompact) 8.4.6
(c) Copyright 1995-2009, ARC International			Page 4
Thu Jun 21 11:06:32 2012

                00000160   _init
    .init       00000164  0000016d  0000000a  /cs/course/current/embsys/ARC/MetaWare/arc/lib/a6/le/libct.a(atexit.o)
    .init       0000016e  00000181  00000014  /cs/course/current/embsys/ARC/MetaWare/arc/lib/a6/le/libhlt.a(hl_lock.o)
    <padding>   00000182  00000183  00000002
    .init$999999
                00000184  00000193  00000010  /cs/course/current/embsys/ARC/MetaWare/arc/lib/a6/le/crti.o

.text    text   000001a0  00005303  00005164

    .text       000001a0  00000253  000000b4  /cs/course/current/embsys/ARC/MetaWare/arc/lib/a6/le/crt1.o
                000001a0   _start
                00000240   _exit_halt
    .text       00000254  000004cf  0000027c  UITester.o
                00000254   none
                00000258   intHARDWARE
                00000280   main
                000002a8   pingLoop
                000002c4   addMessages
                000003cc   tx_application_define
    .text       000004d0  000005c7  000000f8  LCD.o
                000004d0   lcd_init
                00000538   lcd_set_row
                00000554   lcd_set_new_buffer
                000005b4   lcd_done
    .text       000005c8  000006b7  000000f0  timer.o
                000005c8   timer0_register
                0000061c   timer1_register
                00000670   timer0ISR
                00000694   timer1ISR
    .text       000006b8  0000072d  00000076  tebahpla.o
                000006b8   getCHAR
                00000700   my_memcpy
    <padding>   0000072e  0000072f  00000002
    .text       00000730  0000077d  0000004e  input_panel.o
                00000730   ip_init
                00000750   ip_enable
                0000075c   ip_disable
                00000768   InputPanel_ISR
    <padding>   0000077e  0000077f  00000002
    .text       00000780  0000144b  00000ccc  UI.o
                00000780   emptyLine
                000007b4   menuLine
                00000808   drawNum
                00000858   getMessage
                000008e4   showMessageSource
                00000924   showTimeRecived
                000009d8   showMessageContent
                00000a7c   showMessage
                00000c00   showListScreen
                00000c64   noneUI
                00000c68   inputPanelCallBack
                00000c98   getLetter
                00000db8   createNewMessage
                00000e20   writeLetter
                00000f1c   createNewMessageNumber
                00000f68   writeDigit
MetaWare Linker (ELF/ARCompact) 8.4.6
(c) Copyright 1995-2009, ARC International			Page 5
Thu Jun 21 11:06:32 2012

                00000fdc   inputPanelLoop
                000013b0   initUI
                000013dc   startUI
                000013e0   addMessage
    .text       0000144c  000017eb  000003a0  network.o
                0000144c   copyCallBacksSucess
                000014a4   network_init
                0000155c   network_ISR
                00001718   network_set_operating_mode
                00001754   network_send_packet_start
    .text       000017ec  00001c3d  00000452  embsys_sms_protocol.sol
                000017ec   str2swappedNibble
                00001834   str2addr
                0000186c   embsys_fill_probe
                000018fc   embsys_fill_submit
                00001a04   swappedNibble2str
                00001a60   embsys_parse_submit_ack
                00001ac0   embsys_parse_deliver
                00001bd4   addr2str
                00001c20   timestamp2str
                00001c30   str2timestamp
    <padding>   00001c3e  00001c3f  00000002
    .text       00001c40  00001e99  0000025a  smsClient.o
                00001c40   network_packet_transmitted_cb1
                00001c54   network_packet_received_cb1
                00001c70   network_packet_dropped_cb1
                00001c8c   network_transmit_error_cb1
                00001cac   initSmsClient
                00001d5c   sendLoop
                00001d9c   sendToSMSC
                00001e38   ping
                00001e98   receiveLoop
    <padding>   00001e9a  00001e9b  00000002
    .text       00001e9c  00001f6f  000000d4  tx.a(tx_thread_context_save.o)
                00001e9c   _tx_thread_context_save
    .text       00001f70  000020df  00000170  tx.a(tx_thread_context_restore.o)
                00001f70   _tx_thread_context_restore
    .text       000020e0  000021bf  000000e0  tx.a(tx_timer_interrupt.o)
                000020e0   _mwprof_countdown_ticks
                000020e4   _mwprof_countdown_freq
                000020e8   _tx_timer_interrupt
    .text       000021c0  0000220b  0000004c  tx.a(tx_initialize_kernel_enter.o)
                000021c0   _tx_initialize_kernel_enter
    .text       0000220c  00002263  00000058  tx.a(tx_thread_initialize.o)
                0000220c   _tx_thread_initialize
    .text       00002264  0000231b  000000b8  tx.a(tx_thread_sleep.o)
                00002264   _tx_thread_sleep
    .text       0000231c  000025eb  000002d0  tx.a(tx_thread_system_suspend.o)
                0000231c   _tx_thread_system_suspend
    .text       000025ec  0000269b  000000b0  tx.a(tx_thread_time_slice.o)
                000025ec   _tx_thread_time_slice
    .text       0000269c  000026cb  00000030  tx.a(tx_time_get.o)
                0000269c   _tx_time_get
    .text       000026cc  000026f9  0000002e  tx.a(tx_timer_expiration_process.o)
                000026cc   _tx_timer_expiration_process
    <padding>   000026fa  000026fb  00000002
MetaWare Linker (ELF/ARCompact) 8.4.6
(c) Copyright 1995-2009, ARC International			Page 6
Thu Jun 21 11:06:32 2012

    .text       000026fc  0000279b  000000a0  tx.a(tx_timer_initialize.o)
                000026fc   _tx_timer_initialize
    .text       0000279c  0000284b  000000b0  tx.a(tx_timer_system_activate.o)
                0000279c   _tx_timer_system_activate
    .text       0000284c  00002a37  000001ec  tx.a(tx_timer_thread_entry.o)
                0000284c   _tx_timer_thread_entry
    .text       00002a38  00002b1f  000000e8  tx.a(txe_event_flags_create.o)
                00002a38   _txe_event_flags_create
    .text       00002b20  00002b91  00000072  tx.a(txe_event_flags_get.o)
                00002b20   _txe_event_flags_get
    <padding>   00002b92  00002b93  00000002
    .text       00002b94  00002bd1  0000003e  tx.a(txe_event_flags_set.o)
                00002b94   _txe_event_flags_set
    <padding>   00002bd2  00002bd3  00000002
    .text       00002bd4  00002cf7  00000124  tx.a(txe_queue_create.o)
                00002bd4   _txe_queue_create
    .text       00002cf8  00002d59  00000062  tx.a(txe_queue_receive.o)
                00002cf8   _txe_queue_receive
    <padding>   00002d5a  00002d5b  00000002
    .text       00002d5c  00002dbd  00000062  tx.a(txe_queue_send.o)
                00002d5c   _txe_queue_send
    <padding>   00002dbe  00002dbf  00000002
    .text       00002dc0  00002f67  000001a8  tx.a(txe_thread_create.o)
                00002dc0   _txe_thread_create
    .text       00002f68  00002f87  00000020  tx.a(tx_initialize_low_level.o)
                00002f68   _tx_initialize_low_level
    .text       00002f88  000030bb  00000134  tx.a(tx_thread_schedule.o)
                00002f88   _tx_thread_schedule
    .text       000030bc  00003143  00000088  tx.a(tx_thread_system_return.o)
                000030bc   _tx_thread_system_return
    .text       00003144  000031cf  0000008c  tx.a(tx_event_flags_create.o)
                00003144   _tx_event_flags_create
    .text       000031d0  0000332f  00000160  tx.a(tx_event_flags_get.o)
                000031d0   _tx_event_flags_get
    .text       00003330  0000367f  00000350  tx.a(tx_event_flags_set.o)
                00003330   _tx_event_flags_set
    .text       00003680  000036c5  00000046  tx.a(tx_initialize_high_level.o)
                00003680   _tx_initialize_high_level
    <padding>   000036c6  000036c7  00000002
    .text       000036c8  0000380f  00000148  tx.a(tx_queue_create.o)
                000036c8   _tx_queue_create
    .text       00003810  00003a87  00000278  tx.a(tx_queue_receive.o)
                00003810   _tx_queue_receive
    .text       00003a88  00003cbb  00000234  tx.a(tx_queue_send.o)
                00003a88   _tx_queue_send
    .text       00003cbc  00003e69  000001ae  tx.a(tx_thread_create.o)
                00003cbc   _tx_thread_create
    <padding>   00003e6a  00003e6b  00000002
    .text       00003e6c  00003f17  000000ac  tx.a(tx_thread_shell_entry.o)
                00003e6c   _tx_thread_shell_entry
    .text       00003f18  00003f3d  00000026  tx.a(tx_thread_system_preempt_check.o)
                00003f18   _tx_thread_system_preempt_check
    <padding>   00003f3e  00003f3f  00000002
    .text       00003f40  0000408f  00000150  tx.a(tx_thread_system_resume.o)
                00003f40   _tx_thread_system_resume
    .text       00004090  0000410b  0000007c  tx.a(tx_thread_timeout.o)
MetaWare Linker (ELF/ARCompact) 8.4.6
(c) Copyright 1995-2009, ARC International			Page 7
Thu Jun 21 11:06:32 2012

                00004090   _tx_thread_timeout
    .text       0000410c  0000417f  00000074  tx.a(tx_timer_system_deactivate.o)
                0000410c   _tx_timer_system_deactivate
    .text       00004180  0000425b  000000dc  tx.a(tx_thread_stack_build.o)
                00004180   _tx_thread_stack_build
    .text       0000425c  00004343  000000e8  tx.a(tx_event_flags_cleanup.o)
                0000425c   _tx_event_flags_cleanup
    .text       00004344  00004413  000000d0  tx.a(tx_queue_cleanup.o)
                00004344   _tx_queue_cleanup
    .text       00004414  0000449f  0000008c  /cs/course/current/embsys/ARC/MetaWare/arc/lib/a6/le/libct.a(lzdecompress.o)
                00004414   _lz_decompress
    .text       000044a0  0000459b  000000fc  /cs/course/current/embsys/ARC/MetaWare/arc/lib/a6/le/libct.a(arc_main.o)
                000044a0   _timer_default_reset
                000044a4   _mwrtl_init
                000044b8   _mwcall_main
                00004540   __arc_main
    .text       0000459c  0000461b  00000080  /cs/course/current/embsys/ARC/MetaWare/arc/lib/a6/le/libct.a(atexit.o)
                0000459c   atexit
    .text       0000461c  0000464b  00000030  /cs/course/current/embsys/ARC/MetaWare/arc/lib/a6/le/libct.a(_cleanup.o)
                0000461c   __cleanup
                0000463c   _cexit
                00004640   _c_exit
    .text       0000464c  0000466f  00000024  /cs/course/current/embsys/ARC/MetaWare/arc/lib/a6/le/libct.a(exit.o)
                0000464c   exit
    .text       00004670  0000471f  000000b0  /cs/course/current/embsys/ARC/MetaWare/arc/lib/a6/le/libct.a(initcopy.o)
                00004670   _initcopy_exit
                00004690   _initcopy
    .text       00004720  000047cf  000000b0  /cs/course/current/embsys/ARC/MetaWare/arc/lib/a6/le/libct.a(memcpy.o)
                00004720   memcpy
    .text       000047d0  00004819  0000004a  /cs/course/current/embsys/ARC/MetaWare/arc/lib/a6/le/libct.a(f_memset.o)
                000047d0   memset
    <padding>   0000481a  0000481b  00000002
    .text       0000481c  00004847  0000002c  /cs/course/current/embsys/ARC/MetaWare/arc/lib/a6/le/libct.a(strcpy.o)
                0000481c   strcpy
    .text       00004848  0000485f  00000018  /cs/course/current/embsys/ARC/MetaWare/arc/lib/a6/le/libct.a(strlen.o)
                00004848   strlen
    .text       00004860  0000488f  00000030  /cs/course/current/embsys/ARC/MetaWare/arc/lib/a6/le/libct.a(_enable.o)
                00004860   _enable
                00004870   _enable1
                00004880   _enable2
    .text       00004890  000048e5  00000056  /cs/course/current/embsys/ARC/MetaWare/arc/lib/a6/le/libct.a(invcache.o)
                00004890   _invalidate_icache
                000048bc   _invalidate_dcache
    <padding>   000048e6  000048e7  00000002
    .text       000048e8  00004901  0000001a  /cs/course/current/embsys/ARC/MetaWare/arc/lib/a6/le/libct.a(memchr.o)
                000048e8   memchr
    <padding>   00004902  00004903  00000002
    .text       00004904  00004983  00000080  /cs/course/current/embsys/ARC/MetaWare/arc/lib/a6/le/libhlt.a(argv.o)
                00004904   __argc
                00004934   __argv
    .text       00004984  000049bf  0000003c  /cs/course/current/embsys/ARC/MetaWare/arc/lib/a6/le/libhlt.a(_exit.o)
                00004984   _exit
    .text       000049c0  00004a77  000000b8  /cs/course/current/embsys/ARC/MetaWare/arc/lib/a6/le/libhlt.a(hl_bios.o)
                000049c0   _hl_send
                00004a2c   _hl_payload
                00004a30   _hl_blockedPeek
MetaWare Linker (ELF/ARCompact) 8.4.6
(c) Copyright 1995-2009, ARC International			Page 8
Thu Jun 21 11:06:32 2012

                00004a60   _hl_delete
    .text       00004a78  00004a7d  00000006  /cs/course/current/embsys/ARC/MetaWare/arc/lib/a6/le/libhlt.a(hl_data.o)
                00004a78   _hl_buffer_size
    <padding>   00004a7e  00004a7f  00000002
    .text       00004a80  00004a93  00000014  /cs/course/current/embsys/ARC/MetaWare/arc/lib/a6/le/libhlt.a(hl_lock.o)
    .text       00004a94  00004d03  00000270  /cs/course/current/embsys/ARC/MetaWare/arc/lib/a6/le/libhlt.a(hostcom.o)
                00004a94   _hl_packChar
                00004ab4   _hl_unPackChar
                00004ad4   _hl_packShort
                00004aec   _hl_unPackShort
                00004b0c   _hl_packInt
                00004b20   _hl_unPackInt
                00004b40   _hl_packString
                00004b68   _hl_unPackString
                00004b9c   _hl_packStringZ
                00004bb8   _hl_unPackStringZ
                00004bc8   _hl_unPackStringLen
                00004cac   _hl_message
                00004cc4   _user_hostlink
    .text       00004d04  00004d21  0000001e  /cs/course/current/embsys/ARC/MetaWare/arc/lib/a6/le/libmw.a(ac_chkstk.o)
                00004d04   _stkchk
    <padding>   00004d22  00004d23  00000002
    .text       00004d24  00004e07  000000e4  /cs/course/current/embsys/ARC/MetaWare/arc/lib/a6/le/libmw.a(ac_mc_13.o)
                00004d24   __ac_push_13_to_26
                00004d28   __ac_push_13_to_25
                00004d2c   __ac_push_13_to_24
                00004d30   __ac_push_13_to_23
                00004d34   __ac_push_13_to_22
                00004d38   __ac_push_13_to_21
                00004d3c   __ac_push_13_to_20
                00004d40   __ac_push_13_to_19
                00004d44   __ac_push_13_to_18
                00004d48   __ac_push_13_to_17
                00004d4c   __ac_push_13_to_16
                00004d50   __ac_push_13_to_15
                00004d54   __ac_push_13_to_14
                00004d58   __ac_push_13_to_13
                00004d60   __ac_pop_13_to_26
                00004d62   __ac_pop_13_to_26v
                00004d68   __ac_pop_13_to_25
                00004d6a   __ac_pop_13_to_25v
                00004d70   __ac_pop_13_to_24
                00004d72   __ac_pop_13_to_24v
                00004d78   __ac_pop_13_to_23
                00004d7a   __ac_pop_13_to_23v
                00004d80   __ac_pop_13_to_22
                00004d82   __ac_pop_13_to_22v
                00004d88   __ac_pop_13_to_21
                00004d8a   __ac_pop_13_to_21v
                00004d90   __ac_pop_13_to_20
                00004d92   __ac_pop_13_to_20v
                00004d98   __ac_pop_13_to_19
                00004d9a   __ac_pop_13_to_19v
                00004da0   __ac_pop_13_to_18
                00004da2   __ac_pop_13_to_18v
                00004da8   __ac_pop_13_to_17
MetaWare Linker (ELF/ARCompact) 8.4.6
(c) Copyright 1995-2009, ARC International			Page 9
Thu Jun 21 11:06:32 2012

                00004daa   __ac_pop_13_to_17v
                00004db0   __ac_pop_13_to_16
                00004db2   __ac_pop_13_to_16v
                00004db8   __ac_pop_13_to_15
                00004dba   __ac_pop_13_to_15v
                00004dc0   __ac_pop_13_to_14
                00004dc2   __ac_pop_13_to_14v
                00004dc8   __ac_pop_13_to_13
                00004dca   __ac_pop_13_to_13v
    .text       00004e08  00004e27  00000020  /cs/course/current/embsys/ARC/MetaWare/arc/lib/a6/le/libmw.a(ac_mc_va.o)
                00004e08   __ac_mc_va
    .text       00004e28  00004f33  0000010c  /cs/course/current/embsys/ARC/MetaWare/arc/lib/a6/le/libmw.a(div.o)
                00004e28   _udivmod
                00004e38   _divmod
    .text       00004f34  00004f41  0000000e  /cs/course/current/embsys/ARC/MetaWare/arc/lib/a6/le/libmw.a(mutexg.o)
                00004f34   _mwmutex_create
                00004f38   _mwmutex_delete
                00004f3c   _mwmutex_lock
                00004f40   _mwmutex_unlock
    <padding>   00004f42  00004f43  00000002
    .text       00004f44  00005017  000000d4  /cs/course/current/embsys/ARC/MetaWare/arc/lib/a6/le/libmw.a(mwdctor.o)
                00004f80   __mw_register_ctor
                00004f90   __mw_register_dtor
                00004fa0   __mw_run_tls_ctor
                00004fb8   __mw_run_tls_dtor
                00004fd0   __mw_cpp_exit
                00004ff4   __mw_cpp_init
    <padding>   00005018  0000501f  00000008
    .text       00005020  000050cf  000000b0  /cs/course/current/embsys/ARC/MetaWare/arc/lib/a6/le/libmw.a(_vdmemcpy.o)
                00005020   _vdmemcpy
    .text       000050d0  0000517f  000000b0  /cs/course/current/embsys/ARC/MetaWare/arc/lib/a6/le/libmw.a(_vsmemcpy.o)
                000050d0   _vsmemcpy
    .text       00005180  00005211  00000092  /cs/course/current/embsys/ARC/MetaWare/arc/lib/a6/le/libmw.a(_memclr.o)
                00005180   _memclr
    <padding>   00005212  00005213  00000002
    .text       00005214  00005215  00000002  /cs/course/current/embsys/ARC/MetaWare/arc/lib/a6/le/libmw.a(startk.o)
                00005214   __start_kernel
    <padding>   00005216  00005217  00000002
    .text       00005218  0000522f  00000018  /cs/course/current/embsys/ARC/MetaWare/arc/lib/a6/le/libmw.a(div0max.o)
                00005218   _div0
                0000522a   _udiv0
    .text$_xcheckaa
                00005230  0000523f  00000010  /cs/course/current/embsys/ARC/MetaWare/arc/lib/a6/le/libct.a(xcheck.o)
                00005230   __xcheck
    .text$_xcheckzz
                00005240  00005243  00000004  /cs/course/current/embsys/ARC/MetaWare/arc/lib/a6/le/libct.a(xcheck.o)
                00005240   __xend
    .text$bithelper$__mwinsert
                00005244  00005265  00000022  /cs/course/current/embsys/ARC/MetaWare/arc/lib/a6/le/libmw.a(mwinsert.o)
                00005244   __mwinsert
    <padding>   00005266  00005267  00000002
    .text$bithelper$__mwsetbitu
                00005268  0000527b  00000014  /cs/course/current/embsys/ARC/MetaWare/arc/lib/a6/le/libmw.a(mwsetbitu.o)
                00005268   __mwsetbitu
    .text$bithelper$__mwsetbitu1
                0000527c  0000528f  00000014  /cs/course/current/embsys/ARC/MetaWare/arc/lib/a6/le/libmw.a(mwsetbitu.o)
MetaWare Linker (ELF/ARCompact) 8.4.6
(c) Copyright 1995-2009, ARC International			Page 10
Thu Jun 21 11:06:32 2012

                0000527c   __mwsetbitu1
    .text$bithelper$__mwsetbitu2
                00005290  000052a3  00000014  /cs/course/current/embsys/ARC/MetaWare/arc/lib/a6/le/libmw.a(mwsetbitu.o)
                00005290   __mwsetbitu2
    .text$bithelper$__mwsetubitu
                000052a4  000052bb  00000018  /cs/course/current/embsys/ARC/MetaWare/arc/lib/a6/le/libmw.a(mwsetubitu.o)
                000052a4   __mwsetubitu
    .text$bithelper$__mwsetubitu1
                000052bc  000052d3  00000018  /cs/course/current/embsys/ARC/MetaWare/arc/lib/a6/le/libmw.a(mwsetubitu.o)
                000052bc   __mwsetubitu1
    .text$bithelper$__mwsetubitu2
                000052d4  000052eb  00000018  /cs/course/current/embsys/ARC/MetaWare/arc/lib/a6/le/libmw.a(mwsetubitu.o)
                000052d4   __mwsetubitu2
    __mwsetbitu1_0_7
                000052ec  000052f7  0000000c  tebahpla.o
                000052ec   __mwsetbitu1_0_7
    __mwsetubitu1_5_3
                000052f8  00005303  0000000c  network.o
                000052f8   __mwsetubitu1_5_3

.initdat lit    00005304  000055ef  000002ec

    .initdat    00005304  000055ef  000002ec  <Linker Defined>
                00005304   _initdat
                000055f0   _einitdat

.rodata  lit    000055f0  00005713  00000124

    .rodata     000055f0  00005622  00000033  UITester.o
    <padding>   00005623  00005623  00000001
    .rodata     00005624  0000569a  00000077  UI.o
                00005624   button1
                0000562c   button2
                00005634   button3
                0000563c   button4
                00005644   button5
                0000564c   button6
                00005654   button7
                0000565c   button8
                00005664   button9
                0000566c   button0
                00005670   newDeleteMessage
                00005680   backDeleteMessage
    <padding>   0000569b  0000569b  00000001
    .rodata     0000569c  000056e6  0000004b  tx.a(tx_thread_initialize.o)
                0000569c   _tx_thread_special_string
    <padding>   000056e7  000056e7  00000001
    .rodata     000056e8  000056ec  00000005  /cs/course/current/embsys/ARC/MetaWare/arc/lib/a6/le/libhlt.a(argv.o)
    <padding>   000056ed  000056ef  00000003
    .rodata     000056f0  000056f1  00000002  /cs/course/current/embsys/ARC/MetaWare/arc/lib/a6/le/libhlt.a(_exit.o)
    <padding>   000056f2  000056f3  00000002
    .rodata     000056f4  000056ff  0000000c  /cs/course/current/embsys/ARC/MetaWare/arc/lib/a6/le/libhlt.a(hostcom.o)
    .rodata$strings
                00005700  00005713  00000014  tx.a(tx_timer_initialize.o)

.bss     bss    00080000  0008905f  00009060
MetaWare Linker (ELF/ARCompact) 8.4.6
(c) Copyright 1995-2009, ARC International			Page 11
Thu Jun 21 11:06:32 2012


    .bss        00080000  00083413  00003414  UITester.o
                00080000   queue_0
                0008003c   NetworkReceiveThread
                000800f0   GUI_thread
                000801a4   PingThread
                00080258   my_timer
                00080284   Guistack
                00081284   NetworkReceivestack
                00082284   Pingstack
                00083284   queue
    .bss        00083414  000834eb  000000d8  LCD.o
                00083414   _lcdData
    .bss        000834ec  00087d57  0000486c  UI.o
                000834ec   event_flags_0
                00083514   toSend
                000835cc   messages
                00087c80   screenBuffer
    .bss        00087d58  00087d67  00000010  network.o
                00087d58   my_network_callbacks
    .bss        00087d68  00088519  000007b2  smsClient.o
                00087d68   networkBufferRecive
                00087db0   recivedPointers
                000883fc   networkBufferSend
                00088444   sms
                000884fc   probe
    <padding>   0008851a  0008851b  00000002
    .bss        0008851c  0008859b  00000080  tx.a(tx_thread_initialize.o)
                0008851c   _tx_thread_priority_list
    .bss        0008859c  00088ecf  00000934  tx.a(tx_timer_initialize.o)
                0008859c   _tx_timer_list
                0008861c   _tx_timer_thread
                000886d0   _tx_timer_thread_stack_area
    .bss        00088ed0  00088f5f  00000090  /cs/course/current/embsys/ARC/MetaWare/arc/lib/a6/le/libct.a(atexit.o)
    .bss        00088f60  0008905f  00000100  /cs/course/current/embsys/ARC/MetaWare/arc/lib/a6/le/libhlt.a(argv.o)

.data1   bss    00089100  00089827  00000728

    .data1      00089100  00089164  00000065  UITester.o
                00089100   mess
    <padding>   00089165  00089167  00000003
    .data1      00089168  000891e6  0000007f  tebahpla.o
                00089168   tebahpla
    <padding>   000891e7  000891e7  00000001
    .data1      000891e8  00089295  000000ae  tx.a(tx_thread_initialize.o)
                000891e8   _tx_version_id
    <padding>   00089296  00089297  00000002
    .data1      00089298  000892a3  0000000c  /cs/course/current/embsys/ARC/MetaWare/arc/lib/a6/le/libct.a(atexit.o)
    <padding>   000892a4  000892ff  0000005c
    .data1      00089300  000897ff  00000500  /cs/course/current/embsys/ARC/MetaWare/arc/lib/a6/le/libhlt.a(hl_data.o)
                00089300   __HOSTLINK__
    .data1      00089800  00089817  00000018  /cs/course/current/embsys/ARC/MetaWare/arc/lib/a6/le/libhlt.a(hl_lock.o)
    .data1      00089818  00089827  00000010  /cs/course/current/embsys/ARC/MetaWare/arc/lib/a6/le/libmw.a(mwdctor.o)

.ucdata  bss    00089900  000899ff  00000100

MetaWare Linker (ELF/ARCompact) 8.4.6
(c) Copyright 1995-2009, ARC International			Page 12
Thu Jun 21 11:06:32 2012

    .ucdata$@start
                00089900  000898ff  00000000  /cs/course/current/embsys/ARC/MetaWare/arc/lib/a6/le/libmw.a(_ucdata_end.o)
                00089900   _ucdata_start
    .ucdata     00089900  00089914  00000015  UI.o
                00089900   myButton
                00089902   lastButton
                00089904   numOfTimes
                00089908   size
                0008990c   currentMessage
                00089910   topMessage
                00089914   curState
    <padding>   00089915  00089917  00000003
    .ucdata     00089918  0008991b  00000004  smsClient.o
                00089918   data_length
    <padding>   0008991c  000899ff  000000e4
    .ucdata     00089a00  000899ff  00000000  /cs/course/current/embsys/ARC/MetaWare/arc/lib/a6/le/libmw.a(_ucdata_end.o)
                00089a00   _ucdata_end

.sdata   bss    00089a00  00089ad1  000000d2

    .sdata$l$_lcd_complete_cb
                00089a00  00089a03  00000004  LCD.o
                00089a00   _lcd_complete_cb
    .sdata$l$_tx_block_pool_created_count
                00089a04  00089a07  00000004  tx.a(tx_initialize_high_level.o)
                00089a04   _tx_block_pool_created_count
    .sdata$l$_tx_block_pool_created_ptr
                00089a08  00089a0b  00000004  tx.a(tx_initialize_high_level.o)
                00089a08   _tx_block_pool_created_ptr
    .sdata$l$_tx_build_options
                00089a0c  00089a0f  00000004  tx.a(tx_thread_initialize.o)
                00089a0c   _tx_build_options
    .sdata$l$_tx_byte_pool_created_count
                00089a10  00089a13  00000004  tx.a(tx_initialize_high_level.o)
                00089a10   _tx_byte_pool_created_count
    .sdata$l$_tx_byte_pool_created_ptr
                00089a14  00089a17  00000004  tx.a(tx_initialize_high_level.o)
                00089a14   _tx_byte_pool_created_ptr
    .sdata$l$_tx_event_flags_created_count
                00089a18  00089a1b  00000004  tx.a(tx_initialize_high_level.o)
                00089a18   _tx_event_flags_created_count
    .sdata$l$_tx_event_flags_created_ptr
                00089a1c  00089a1f  00000004  tx.a(tx_initialize_high_level.o)
                00089a1c   _tx_event_flags_created_ptr
    .sdata$l$_tx_initialize_unused_memory
                00089a20  00089a23  00000004  tx.a(tx_initialize_kernel_enter.o)
                00089a20   _tx_initialize_unused_memory
    .sdata$l$_tx_mutex_created_count
                00089a24  00089a27  00000004  tx.a(tx_initialize_high_level.o)
                00089a24   _tx_mutex_created_count
    .sdata$l$_tx_mutex_created_ptr
                00089a28  00089a2b  00000004  tx.a(tx_initialize_high_level.o)
                00089a28   _tx_mutex_created_ptr
    .sdata$l$_tx_queue_created_count
                00089a2c  00089a2f  00000004  tx.a(tx_initialize_high_level.o)
                00089a2c   _tx_queue_created_count
MetaWare Linker (ELF/ARCompact) 8.4.6
(c) Copyright 1995-2009, ARC International			Page 13
Thu Jun 21 11:06:32 2012

    .sdata$l$_tx_queue_created_ptr
                00089a30  00089a33  00000004  tx.a(tx_initialize_high_level.o)
                00089a30   _tx_queue_created_ptr
    .sdata$l$_tx_semaphore_created_count
                00089a34  00089a37  00000004  tx.a(tx_initialize_high_level.o)
                00089a34   _tx_semaphore_created_count
    .sdata$l$_tx_semaphore_created_ptr
                00089a38  00089a3b  00000004  tx.a(tx_initialize_high_level.o)
                00089a38   _tx_semaphore_created_ptr
    .sdata$l$_tx_thread_created_count
                00089a3c  00089a3f  00000004  tx.a(tx_thread_initialize.o)
                00089a3c   _tx_thread_created_count
    .sdata$l$_tx_thread_created_ptr
                00089a40  00089a43  00000004  tx.a(tx_thread_initialize.o)
                00089a40   _tx_thread_created_ptr
    .sdata$l$_tx_thread_current_ptr
                00089a44  00089a47  00000004  tx.a(tx_thread_initialize.o)
                00089a44   _tx_thread_current_ptr
    .sdata$l$_tx_thread_execute_ptr
                00089a48  00089a4b  00000004  tx.a(tx_thread_initialize.o)
                00089a48   _tx_thread_execute_ptr
    .sdata$l$_tx_thread_highest_priority
                00089a4c  00089a4f  00000004  tx.a(tx_thread_initialize.o)
                00089a4c   _tx_thread_highest_priority
    .sdata$l$_tx_thread_preempt_disable
                00089a50  00089a53  00000004  tx.a(tx_thread_initialize.o)
                00089a50   _tx_thread_preempt_disable
    .sdata$l$_tx_thread_preempted_maps
                00089a54  00089a57  00000004  tx.a(tx_thread_initialize.o)
                00089a54   _tx_thread_preempted_maps
    .sdata$l$_tx_thread_priority_maps
                00089a58  00089a5b  00000004  tx.a(tx_thread_initialize.o)
                00089a58   _tx_thread_priority_maps
    .sdata$l$_tx_thread_system_stack_ptr
                00089a5c  00089a5f  00000004  tx.a(tx_thread_initialize.o)
                00089a5c   _tx_thread_system_stack_ptr
    .sdata$l$_tx_thread_system_state
                00089a60  00089a63  00000004  tx.a(tx_thread_initialize.o)
                00089a60   _tx_thread_system_state
    .sdata$l$_tx_timer_created_count
                00089a64  00089a67  00000004  tx.a(tx_timer_initialize.o)
                00089a64   _tx_timer_created_count
    .sdata$l$_tx_timer_created_ptr
                00089a68  00089a6b  00000004  tx.a(tx_timer_initialize.o)
                00089a68   _tx_timer_created_ptr
    .sdata$l$_tx_timer_current_ptr
                00089a6c  00089a6f  00000004  tx.a(tx_timer_initialize.o)
                00089a6c   _tx_timer_current_ptr
    .sdata$l$_tx_timer_expired
                00089a70  00089a73  00000004  tx.a(tx_timer_initialize.o)
                00089a70   _tx_timer_expired
    .sdata$l$_tx_timer_expired_time_slice
                00089a74  00089a77  00000004  tx.a(tx_timer_initialize.o)
                00089a74   _tx_timer_expired_time_slice
    .sdata$l$_tx_timer_list_end
                00089a78  00089a7b  00000004  tx.a(tx_timer_initialize.o)
MetaWare Linker (ELF/ARCompact) 8.4.6
(c) Copyright 1995-2009, ARC International			Page 14
Thu Jun 21 11:06:32 2012

                00089a78   _tx_timer_list_end
    .sdata$l$_tx_timer_list_start
                00089a7c  00089a7f  00000004  tx.a(tx_timer_initialize.o)
                00089a7c   _tx_timer_list_start
    .sdata$l$_tx_timer_priority
                00089a80  00089a83  00000004  tx.a(tx_timer_initialize.o)
                00089a80   _tx_timer_priority
    .sdata$l$_tx_timer_stack_size
                00089a84  00089a87  00000004  tx.a(tx_timer_initialize.o)
                00089a84   _tx_timer_stack_size
    .sdata$l$_tx_timer_stack_start
                00089a88  00089a8b  00000004  tx.a(tx_timer_initialize.o)
                00089a88   _tx_timer_stack_start
    .sdata$l$_tx_timer_system_clock
                00089a8c  00089a8f  00000004  tx.a(tx_timer_initialize.o)
                00089a8c   _tx_timer_system_clock
    .sdata$l$_tx_timer_time_slice
                00089a90  00089a93  00000004  tx.a(tx_timer_initialize.o)
                00089a90   _tx_timer_time_slice
    .sdata$l$cb_func
                00089a94  00089a97  00000004  input_panel.o
                00089a94   cb_func
    .sdata$l$inputText
                00089a98  00089a9b  00000004  UITester.o
                00089a98   inputText
    .sdata$l$j  00089a9c  00089a9f  00000004  UITester.o
                00089a9c   j
    .sdata$l$kk 00089aa0  00089aa3  00000004  UITester.o
                00089aa0   kk
    .sdata$l$l  00089aa4  00089aa7  00000004  UI.o
                00089aa4   l
    .sdata$l$lastTime
                00089aa8  00089aab  00000004  UI.o
                00089aa8   lastTime
    .sdata$l$my_isOneShot0
                00089aac  00089aaf  00000004  timer.o
                00089aac   my_isOneShot0
    .sdata$l$my_isOneShot1
                00089ab0  00089ab3  00000004  timer.o
                00089ab0   my_isOneShot1
    .sdata$l$my_network_regs
                00089ab4  00089ab7  00000004  network.o
                00089ab4   my_network_regs
    .sdata$l$my_timer0_cb
                00089ab8  00089abb  00000004  timer.o
                00089ab8   my_timer0_cb
    .sdata$l$my_timer1_cb
                00089abc  00089abf  00000004  timer.o
                00089abc   my_timer1_cb
    .sdata$l$networkreciveSize
                00089ac0  00089ac3  00000004  smsClient.o
                00089ac0   networkreciveSize
    .sdata$l$networksendSize
                00089ac4  00089ac7  00000004  smsClient.o
                00089ac4   networksendSize
    .sdata$l$newMessageNumberPos
MetaWare Linker (ELF/ARCompact) 8.4.6
(c) Copyright 1995-2009, ARC International			Page 15
Thu Jun 21 11:06:32 2012

                00089ac8  00089acb  00000004  UI.o
                00089ac8   newMessageNumberPos
    .sdata$l$status
                00089acc  00089acf  00000004  UITester.o
                00089acc   status
    .sdata$w$myMess
                00089ad0  00089ad1  00000002  smsClient.o
                00089ad0   myMess

.data    bss    00089ad4  00089b08  00000035

    .data       00089ad4  00089adb  00000008  smsClient.o
                00089ad4   myIp
    .data       00089adc  00089ae7  0000000c  /cs/course/current/embsys/ARC/MetaWare/arc/lib/a6/le/libct.a(arc_main.o)
                00089adc   __enable_prof_interrupt
                00089ae0   __INITBSS__
                00089ae4   __main_at
    .data       00089ae8  00089aef  00000008  /cs/course/current/embsys/ARC/MetaWare/arc/lib/a6/le/libct.a(atexit.o)
    .data       00089af0  00089af3  00000004  /cs/course/current/embsys/ARC/MetaWare/arc/lib/a6/le/libct.a(_cleanup.o)
                00089af0   _exitv
    .data       00089af4  00089af7  00000004  /cs/course/current/embsys/ARC/MetaWare/arc/lib/a6/le/libct.a(exit.o)
    .data       00089af8  00089afb  00000004  /cs/course/current/embsys/ARC/MetaWare/arc/lib/a6/le/libct.a(_fclosfp.o)
                00089af8   _fclose_exit_p
    .data       00089afc  00089afc  00000001  /cs/course/current/embsys/ARC/MetaWare/arc/lib/a6/le/libhlt.a(hl_bios.o)
    <padding>   00089afd  00089aff  00000003
    .data       00089b00  00089b03  00000004  /cs/course/current/embsys/ARC/MetaWare/arc/lib/a6/le/libhlt.a(hl_lock.o)
                00089b00   _mwhl_lock
    .data       00089b04  00089b07  00000004  /cs/course/current/embsys/ARC/MetaWare/arc/lib/a6/le/libmw.a(mwdctor.o)
    .data$xskip 00089b08  00089b08  00000001  /cs/course/current/embsys/ARC/MetaWare/arc/lib/a6/le/libct.a(xcheck.o)
                00089b08   __xcheck_skip

.stack   bss    00089b0c  0008ab0b  00001000


.comment info   00000000  000011a7  000011a8

    .comment    00000000  00000016  00000017  <Linker Defined>
    .comment    00000017  00000055  0000003f  UITester.o
    .comment    00000056  0000008f  0000003a  LCD.o
    .comment    00000090  000000cb  0000003c  timer.o
    .comment    000000cc  0000010a  0000003f  tebahpla.o
    .comment    0000010b  0000014c  00000042  input_panel.o
    .comment    0000014d  00000185  00000039  UI.o
    .comment    00000186  000001c3  0000003e  network.o
    .comment    000001c4  00000222  0000005f  embsys_sms_protocol.sol
    .comment    00000223  00000262  00000040  smsClient.o
    .comment    00000263  000002af  0000004d  tx.a(tx_initialize_kernel_enter.o)
    .comment    000002b0  000002f6  00000047  tx.a(tx_thread_initialize.o)
    .comment    000002f7  00000338  00000042  tx.a(tx_thread_sleep.o)
    .comment    00000339  00000383  0000004b  tx.a(tx_thread_system_suspend.o)
    .comment    00000384  000003ca  00000047  tx.a(tx_thread_time_slice.o)
    .comment    000003cb  00000408  0000003e  tx.a(tx_time_get.o)
    .comment    00000409  00000456  0000004e  tx.a(tx_timer_expiration_process.o)
    .comment    00000457  0000049c  00000046  tx.a(tx_timer_initialize.o)
    .comment    0000049d  000004e7  0000004b  tx.a(tx_timer_system_activate.o)
    .comment    000004e8  0000052f  00000048  tx.a(tx_timer_thread_entry.o)
MetaWare Linker (ELF/ARCompact) 8.4.6
(c) Copyright 1995-2009, ARC International			Page 16
Thu Jun 21 11:06:32 2012

    .comment    00000530  00000578  00000049  tx.a(txe_event_flags_create.o)
    .comment    00000579  000005be  00000046  tx.a(txe_event_flags_get.o)
    .comment    000005bf  00000604  00000046  tx.a(txe_event_flags_set.o)
    .comment    00000605  00000647  00000043  tx.a(txe_queue_create.o)
    .comment    00000648  0000068b  00000044  tx.a(txe_queue_receive.o)
    .comment    0000068c  000006cc  00000041  tx.a(txe_queue_send.o)
    .comment    000006cd  00000710  00000044  tx.a(txe_thread_create.o)
    .comment    00000711  00000758  00000048  tx.a(tx_event_flags_create.o)
    .comment    00000759  0000079d  00000045  tx.a(tx_event_flags_get.o)
    .comment    0000079e  000007e2  00000045  tx.a(tx_event_flags_set.o)
    .comment    000007e3  0000082d  0000004b  tx.a(tx_initialize_high_level.o)
    .comment    0000082e  0000086f  00000042  tx.a(tx_queue_create.o)
    .comment    00000870  000008b2  00000043  tx.a(tx_queue_receive.o)
    .comment    000008b3  000008f2  00000040  tx.a(tx_queue_send.o)
    .comment    000008f3  00000935  00000043  tx.a(tx_thread_create.o)
    .comment    00000936  0000097d  00000048  tx.a(tx_thread_shell_entry.o)
    .comment    0000097e  000009ce  00000051  tx.a(tx_thread_system_preempt_check.o)
    .comment    000009cf  00000a18  0000004a  tx.a(tx_thread_system_resume.o)
    .comment    00000a19  00000a5c  00000044  tx.a(tx_thread_timeout.o)
    .comment    00000a5d  00000aa9  0000004d  tx.a(tx_timer_system_deactivate.o)
    .comment    00000aaa  00000af2  00000049  tx.a(tx_event_flags_cleanup.o)
    .comment    00000af3  00000b35  00000043  tx.a(tx_queue_cleanup.o)
    .comment    00000b36  00000b8b  00000056  /cs/course/current/embsys/ARC/MetaWare/arc/lib/a6/le/libct.a(lzdecompress.o)
    .comment    00000b8c  00000be0  00000055  /cs/course/current/embsys/ARC/MetaWare/arc/lib/a6/le/libct.a(arc_main.o)
    .comment    00000be1  00000c2f  0000004f  /cs/course/current/embsys/ARC/MetaWare/arc/lib/a6/le/libct.a(atexit.o)
    .comment    00000c30  00000c80  00000051  /cs/course/current/embsys/ARC/MetaWare/arc/lib/a6/le/libct.a(_cleanup.o)
    .comment    00000c81  00000ccd  0000004d  /cs/course/current/embsys/ARC/MetaWare/arc/lib/a6/le/libct.a(exit.o)
    .comment    00000cce  00000d15  00000048  /cs/course/current/embsys/ARC/MetaWare/arc/lib/a6/le/libct.a(initcopy.o)
    .comment    00000d16  00000d5d  00000048  /cs/course/current/embsys/ARC/MetaWare/arc/lib/a6/le/libct.a(f_memset.o)
    .comment    00000d5e  00000da3  00000046  /cs/course/current/embsys/ARC/MetaWare/arc/lib/a6/le/libct.a(strcpy.o)
    .comment    00000da4  00000df2  0000004f  /cs/course/current/embsys/ARC/MetaWare/arc/lib/a6/le/libct.a(strlen.o)
    .comment    00000df3  00000e43  00000051  /cs/course/current/embsys/ARC/MetaWare/arc/lib/a6/le/libct.a(_fclosfp.o)
    .comment    00000e44  00000e92  0000004f  /cs/course/current/embsys/ARC/MetaWare/arc/lib/a6/le/libct.a(memchr.o)
    .comment    00000e93  00000edf  0000004d  /cs/course/current/embsys/ARC/MetaWare/arc/lib/a6/le/libhlt.a(argv.o)
    .comment    00000ee0  00000f2d  0000004e  /cs/course/current/embsys/ARC/MetaWare/arc/lib/a6/le/libhlt.a(_exit.o)
    .comment    00000f2e  00000f7d  00000050  /cs/course/current/embsys/ARC/MetaWare/arc/lib/a6/le/libhlt.a(hl_bios.o)
    .comment    00000f7e  00000fcd  00000050  /cs/course/current/embsys/ARC/MetaWare/arc/lib/a6/le/libhlt.a(hl_data.o)
    .comment    00000fce  0000101d  00000050  /cs/course/current/embsys/ARC/MetaWare/arc/lib/a6/le/libhlt.a(hl_lock.o)
    .comment    0000101e  00001064  00000047  /cs/course/current/embsys/ARC/MetaWare/arc/lib/a6/le/libhlt.a(hostcom.o)
    .comment    00001065  000010b5  00000051  /cs/course/current/embsys/ARC/MetaWare/arc/lib/a6/le/libmw.a(mutexg.o)
    .comment    000010b6  00001107  00000052  /cs/course/current/embsys/ARC/MetaWare/arc/lib/a6/le/libmw.a(mwdctor.o)
    .comment    00001108  00001158  00000051  /cs/course/current/embsys/ARC/MetaWare/arc/lib/a6/le/libmw.a(_memclr.o)
    .comment    00001159  000011a7  0000004f  /cs/course/current/embsys/ARC/MetaWare/arc/lib/a6/le/libmw.a(startk.o)

.arcextmap
         info   00000000  00000057  00000058

    .arcextmap.aux.33
                00000000  0000000f  00000010  ivt.o
    .arcextmap.aux.34
                00000010  00000022  00000013  ivt.o
    .arcextmap.aux.35
                00000023  00000033  00000011  ivt.o
    .arcextmap.inst.3.5.0
                00000034  0000003c  00000009  /cs/course/current/embsys/ARC/MetaWare/arc/lib/a6/le/crt1.o
    .arcextmap.inst.3.5.1
MetaWare Linker (ELF/ARCompact) 8.4.6
(c) Copyright 1995-2009, ARC International			Page 17
Thu Jun 21 11:06:32 2012

                0000003d  00000045  00000009  /cs/course/current/embsys/ARC/MetaWare/arc/lib/a6/le/crt1.o
    .arcextmap.inst.3.5.2
                00000046  0000004e  00000009  /cs/course/current/embsys/ARC/MetaWare/arc/lib/a6/le/crt1.o
    .arcextmap.inst.3.5.3
                0000004f  00000057  00000009  /cs/course/current/embsys/ARC/MetaWare/arc/lib/a6/le/crt1.o

.debug_pubnames
         info   00000000  000007f0  000007f1

    .debug_pubnames
                00000000  00000126  00000127  UITester.o
    .debug_pubnames
                00000127  0000019b  00000075  LCD.o
    .debug_pubnames
                0000019c  00000237  0000009c  timer.o
    .debug_pubnames
                00000238  00000270  00000039  tebahpla.o
    .debug_pubnames
                00000271  000002ca  0000005a  input_panel.o
    .debug_pubnames
                000002cb  0000059a  000002d0  UI.o
    .debug_pubnames
                0000059b  0000064f  000000b5  network.o
    .debug_pubnames
                00000650  000007cb  0000017c  smsClient.o
    .debug_pubnames
                000007cc  000007f0  00000025  ivt.o

.debug_aranges
         info   00000000  0000011f  00000120

    .debug_aranges
                00000000  0000001f  00000020  UITester.o
    .debug_aranges
                00000020  0000003f  00000020  LCD.o
    .debug_aranges
                00000040  0000005f  00000020  timer.o
    .debug_aranges
                00000060  0000007f  00000020  tebahpla.o
    .debug_aranges
                00000080  0000009f  00000020  input_panel.o
    .debug_aranges
                000000a0  000000bf  00000020  UI.o
    .debug_aranges
                000000c0  000000df  00000020  network.o
    .debug_aranges
                000000e0  000000ff  00000020  smsClient.o
    .debug_aranges
                00000100  0000011f  00000020  ivt.o

.debug_frame
         info   00000000  0000309b  0000309c

    .debug_frame
                00000000  00000077  00000078  /cs/course/current/embsys/ARC/MetaWare/arc/lib/a6/le/crt1.o
    .debug_frame
MetaWare Linker (ELF/ARCompact) 8.4.6
(c) Copyright 1995-2009, ARC International			Page 18
Thu Jun 21 11:06:32 2012

                00000078  000000ff  00000088  /cs/course/current/embsys/ARC/MetaWare/arc/lib/a6/le/crti.o
    .debug_frame
                00000100  0000021f  00000120  UITester.o
    .debug_frame
                00000220  0000030f  000000f0  LCD.o
    .debug_frame
                00000310  000003e7  000000d8  timer.o
    .debug_frame
                000003e8  0000049b  000000b4  tebahpla.o
    .debug_frame
                0000049c  00000553  000000b8  input_panel.o
    .debug_frame
                00000554  000008ff  000003ac  UI.o
    .debug_frame
                00000900  00000a3b  0000013c  network.o
    .debug_frame
                00000a3c  00000b83  00000148  embsys_sms_protocol.sol
    .debug_frame
                00000b84  00000d37  000001b4  smsClient.o
    .debug_frame
                00000d38  00000d9f  00000068  tx.a(tx_initialize_kernel_enter.o)
    .debug_frame
                00000da0  00000e0f  00000070  tx.a(tx_thread_initialize.o)
    .debug_frame
                00000e10  00000e9f  00000090  tx.a(tx_thread_sleep.o)
    .debug_frame
                00000ea0  00000f13  00000074  tx.a(tx_thread_system_suspend.o)
    .debug_frame
                00000f14  00000f9b  00000088  tx.a(tx_thread_time_slice.o)
    .debug_frame
                00000f9c  0000100b  00000070  tx.a(tx_time_get.o)
    .debug_frame
                0000100c  0000106b  00000060  tx.a(tx_timer_expiration_process.o)
    .debug_frame
                0000106c  000010df  00000074  tx.a(tx_timer_initialize.o)
    .debug_frame
                000010e0  0000114f  00000070  tx.a(tx_timer_system_activate.o)
    .debug_frame
                00001150  000011eb  0000009c  tx.a(tx_timer_thread_entry.o)
    .debug_frame
                000011ec  0000127b  00000090  tx.a(txe_event_flags_create.o)
    .debug_frame
                0000127c  0000130f  00000094  tx.a(txe_event_flags_get.o)
    .debug_frame
                00001310  0000138f  00000080  tx.a(txe_event_flags_set.o)
    .debug_frame
                00001390  00001413  00000084  tx.a(txe_queue_create.o)
    .debug_frame
                00001414  0000149b  00000088  tx.a(txe_queue_receive.o)
    .debug_frame
                0000149c  00001523  00000088  tx.a(txe_queue_send.o)
    .debug_frame
                00001524  000015bb  00000098  tx.a(txe_thread_create.o)
    .debug_frame
                000015bc  0000162b  00000070  tx.a(tx_event_flags_create.o)
    .debug_frame
MetaWare Linker (ELF/ARCompact) 8.4.6
(c) Copyright 1995-2009, ARC International			Page 19
Thu Jun 21 11:06:32 2012

                0000162c  000016af  00000084  tx.a(tx_event_flags_get.o)
    .debug_frame
                000016b0  0000176f  000000c0  tx.a(tx_event_flags_set.o)
    .debug_frame
                00001770  000017db  0000006c  tx.a(tx_initialize_high_level.o)
    .debug_frame
                000017dc  0000185b  00000080  tx.a(tx_queue_create.o)
    .debug_frame
                0000185c  00001907  000000ac  tx.a(tx_queue_receive.o)
    .debug_frame
                00001908  000019b3  000000ac  tx.a(tx_queue_send.o)
    .debug_frame
                000019b4  00001a4f  0000009c  tx.a(tx_thread_create.o)
    .debug_frame
                00001a50  00001ac3  00000074  tx.a(tx_thread_shell_entry.o)
    .debug_frame
                00001ac4  00001b2f  0000006c  tx.a(tx_thread_system_preempt_check.o)
    .debug_frame
                00001b30  00001b9f  00000070  tx.a(tx_thread_system_resume.o)
    .debug_frame
                00001ba0  00001c27  00000088  tx.a(tx_thread_timeout.o)
    .debug_frame
                00001c28  00001c97  00000070  tx.a(tx_timer_system_deactivate.o)
    .debug_frame
                00001c98  00001d07  00000070  tx.a(tx_event_flags_cleanup.o)
    .debug_frame
                00001d08  00001d77  00000070  tx.a(tx_queue_cleanup.o)
    .debug_frame
                00001d78  00001deb  00000074  /cs/course/current/embsys/ARC/MetaWare/arc/lib/a6/le/libct.a(lzdecompress.o)
    .debug_frame
                00001dec  00001eaf  000000c4  /cs/course/current/embsys/ARC/MetaWare/arc/lib/a6/le/libct.a(arc_main.o)
    .debug_frame
                00001eb0  00001f53  000000a4  /cs/course/current/embsys/ARC/MetaWare/arc/lib/a6/le/libct.a(atexit.o)
    .debug_frame
                00001f54  00001feb  00000098  /cs/course/current/embsys/ARC/MetaWare/arc/lib/a6/le/libct.a(_cleanup.o)
    .debug_frame
                00001fec  0000205b  00000070  /cs/course/current/embsys/ARC/MetaWare/arc/lib/a6/le/libct.a(exit.o)
    .debug_frame
                0000205c  0000210b  000000b0  /cs/course/current/embsys/ARC/MetaWare/arc/lib/a6/le/libct.a(initcopy.o)
    .debug_frame
                0000210c  0000216f  00000064  /cs/course/current/embsys/ARC/MetaWare/arc/lib/a6/le/libct.a(memcpy.o)
    .debug_frame
                00002170  000021db  0000006c  /cs/course/current/embsys/ARC/MetaWare/arc/lib/a6/le/libct.a(f_memset.o)
    .debug_frame
                000021dc  0000224b  00000070  /cs/course/current/embsys/ARC/MetaWare/arc/lib/a6/le/libct.a(strcpy.o)
    .debug_frame
                0000224c  000022bb  00000070  /cs/course/current/embsys/ARC/MetaWare/arc/lib/a6/le/libct.a(strlen.o)
    .debug_frame
                000022bc  00002347  0000008c  /cs/course/current/embsys/ARC/MetaWare/arc/lib/a6/le/libct.a(_enable.o)
    .debug_frame
                00002348  000023bf  00000078  /cs/course/current/embsys/ARC/MetaWare/arc/lib/a6/le/libct.a(invcache.o)
    .debug_frame
                000023c0  00002423  00000064  /cs/course/current/embsys/ARC/MetaWare/arc/lib/a6/le/libct.a(memchr.o)
    .debug_frame
                00002424  000024bf  0000009c  /cs/course/current/embsys/ARC/MetaWare/arc/lib/a6/le/libhlt.a(argv.o)
    .debug_frame
MetaWare Linker (ELF/ARCompact) 8.4.6
(c) Copyright 1995-2009, ARC International			Page 20
Thu Jun 21 11:06:32 2012

                000024c0  0000252f  00000070  /cs/course/current/embsys/ARC/MetaWare/arc/lib/a6/le/libhlt.a(_exit.o)
    .debug_frame
                00002530  000025eb  000000bc  /cs/course/current/embsys/ARC/MetaWare/arc/lib/a6/le/libhlt.a(hl_bios.o)
    .debug_frame
                000025ec  0000264f  00000064  /cs/course/current/embsys/ARC/MetaWare/arc/lib/a6/le/libhlt.a(hl_data.o)
    .debug_frame
                00002650  000026c7  00000078  /cs/course/current/embsys/ARC/MetaWare/arc/lib/a6/le/libhlt.a(hl_lock.o)
    .debug_frame
                000026c8  000028bb  000001f4  /cs/course/current/embsys/ARC/MetaWare/arc/lib/a6/le/libhlt.a(hostcom.o)
    .debug_frame
                000028bc  00002927  0000006c  /cs/course/current/embsys/ARC/MetaWare/arc/lib/a6/le/libmw.a(ac_chkstk.o)
    .debug_frame
                00002928  0000299f  00000078  /cs/course/current/embsys/ARC/MetaWare/arc/lib/a6/le/libmw.a(ac_mc_13.o)
    .debug_frame
                000029a0  00002a03  00000064  /cs/course/current/embsys/ARC/MetaWare/arc/lib/a6/le/libmw.a(div.o)
    .debug_frame
                00002a04  00002aa3  000000a0  /cs/course/current/embsys/ARC/MetaWare/arc/lib/a6/le/libmw.a(mutexg.o)
    .debug_frame
                00002aa4  00002bc7  00000124  /cs/course/current/embsys/ARC/MetaWare/arc/lib/a6/le/libmw.a(mwdctor.o)
    .debug_frame
                00002bc8  00002c2b  00000064  /cs/course/current/embsys/ARC/MetaWare/arc/lib/a6/le/libmw.a(_vdmemcpy.o)
    .debug_frame
                00002c2c  00002c8f  00000064  /cs/course/current/embsys/ARC/MetaWare/arc/lib/a6/le/libmw.a(_vsmemcpy.o)
    .debug_frame
                00002c90  00002d03  00000074  /cs/course/current/embsys/ARC/MetaWare/arc/lib/a6/le/libmw.a(_memclr.o)
    .debug_frame
                00002d04  00002d67  00000064  /cs/course/current/embsys/ARC/MetaWare/arc/lib/a6/le/libmw.a(startk.o)
    .debug_frame
                00002d68  00002ddf  00000078  /cs/course/current/embsys/ARC/MetaWare/arc/lib/a6/le/libmw.a(div0max.o)
    .debug_frame.0
                00002de0  00002e43  00000064  /cs/course/current/embsys/ARC/MetaWare/arc/lib/a6/le/libmw.a(mwsetbitu.o)
    .debug_frame.0
                00002e44  00002ea7  00000064  /cs/course/current/embsys/ARC/MetaWare/arc/lib/a6/le/libmw.a(mwsetubitu.o)
    .debug_frame.0
                00002ea8  00002f0b  00000064  /cs/course/current/embsys/ARC/MetaWare/arc/lib/a6/le/libmw.a(mwinsert.o)
    .debug_frame.1
                00002f0c  00002f6f  00000064  /cs/course/current/embsys/ARC/MetaWare/arc/lib/a6/le/libmw.a(mwsetbitu.o)
    .debug_frame.1
                00002f70  00002fd3  00000064  /cs/course/current/embsys/ARC/MetaWare/arc/lib/a6/le/libmw.a(mwsetubitu.o)
    .debug_frame.2
                00002fd4  00003037  00000064  /cs/course/current/embsys/ARC/MetaWare/arc/lib/a6/le/libmw.a(mwsetbitu.o)
    .debug_frame.2
                00003038  0000309b  00000064  /cs/course/current/embsys/ARC/MetaWare/arc/lib/a6/le/libmw.a(mwsetubitu.o)

.debug_line
         info   00000000  00001756  00001757

    .debug_line 00000000  00000200  00000201  UITester.o
    .debug_line 00000201  00000334  00000134  LCD.o
    .debug_line 00000335  000004c4  00000190  timer.o
    .debug_line 000004c5  00000568  000000a4  tebahpla.o
    .debug_line 00000569  0000062c  000000c4  input_panel.o
    .debug_line 0000062d  00001053  00000a27  UI.o
    .debug_line 00001054  0000139e  0000034b  network.o
    .debug_line 0000139f  000015fa  0000025c  smsClient.o
    .debug_line 000015fb  00001756  0000015c  ivt.o
MetaWare Linker (ELF/ARCompact) 8.4.6
(c) Copyright 1995-2009, ARC International			Page 21
Thu Jun 21 11:06:32 2012


.debug_info
         info   00000000  00007c7e  00007c7f

    .debug_info 00000000  00001e22  00001e23  UITester.o
    .debug_info 00001e23  0000216e  0000034c  LCD.o
    .debug_info 0000216f  00002523  000003b5  timer.o
    .debug_info 00002524  000027da  000002b7  tebahpla.o
    .debug_info 000027db  00002b5d  00000383  input_panel.o
    .debug_info 00002b5e  00005005  000024a8  UI.o
    .debug_info 00005006  00005bd2  00000bcd  network.o
    .debug_info 00005bd3  00007b62  00001f90  smsClient.o
    .debug_info 00007b63  00007c7e  0000011c  ivt.o

.debug_abbrev
         info   00000000  00000a2c  00000a2d

    .debug_abbrev
                00000000  00000155  00000156  UITester.o
    .debug_abbrev
                00000156  00000261  0000010c  LCD.o
    .debug_abbrev
                00000262  0000037d  0000011c  timer.o
    .debug_abbrev
                0000037e  0000047b  000000fe  tebahpla.o
    .debug_abbrev
                0000047c  000005b0  00000135  input_panel.o
    .debug_abbrev
                000005b1  00000773  000001c3  UI.o
    .debug_abbrev
                00000774  000008ac  00000139  network.o
    .debug_abbrev
                000008ad  00000a00  00000154  smsClient.o
    .debug_abbrev
                00000a01  00000a2c  0000002c  ivt.o

.strtab  info   00000000  00002230  00002231

    .strtab     00000000  00002230  00002231  chk.out

.symtab  info   00000000  000038af  000038b0

    .symtab     00000000  000038af  000038b0  chk.out

.shstrtab
         info   00000000  000000db  000000dc

    .shstrtab   00000000  000000db  000000dc  chk.out

INITDATA Contents
-----------------
    Section     Offset Compressed size  %Compression
    -------     ------ ---------------  ------------
    .data1     0x0000c    549 (0x225)      29.97%
    .ucdata    0x0023c     51 (0x33)       19.92%
    .sdata     0x00278     59 (0x3b)       28.10%
MetaWare Linker (ELF/ARCompact) 8.4.6
(c) Copyright 1995-2009, ARC International			Page 22
Thu Jun 21 11:06:32 2012

    .data      0x002bc     34 (0x22)       64.15%

SMALL DATA AREA (SDA) SUMMARY
-----------------------------
SMALL DATA section .sdata, size 210, addr 0x89a00, basereg 0x89a00 (off 0x0)
    maximum section size 2048 bytes
    1-byte total size 0 (max 512)
    2-byte total size 0 (max 1024)
    4-byte total size 180 (max 2048)
    other data size 30


START ADDRESS:	000001A0
