MetaWare Linker (ELF/ARCompact) 8.4.6
(c) Copyright 1995-2009, ARC International			Page 1
Mon Jul  9 19:59:26 2012



Command line: /cs/course/current/embsys/ARC/MetaWare/arc/bin/ldac\
		 -uInterruptTable -e _start\
		 /cs/course/current/embsys/ARC/MetaWare/arc/lib/a6/le/crt1.o\
		 /cs/course/current/embsys/ARC/MetaWare/arc/lib/a6/le/crti.o\
		 -m ex3.o LCD.o timer.o tebahpla.o input_panel.o UI.o\
		 network.o embsys_sms_protocol.sol smsClient.o ivt.o\
		 tx.a device.svr3\
		 -L/cs/course/current/embsys/ARC/MetaWare/arc/lib/a6/le\
		 -lcct -lct -lhlt -lmw -o ex3.out

Arguments after expansion:
	 -uInterruptTable -e _start \
	/cs/course/current/embsys/ARC/MetaWare/arc/lib/a6/le/crt1.o \
	/cs/course/current/embsys/ARC/MetaWare/arc/lib/a6/le/crti.o -m \
	ex3.o LCD.o timer.o tebahpla.o input_panel.o UI.o network.o \
	embsys_sms_protocol.sol smsClient.o ivt.o \
	tx.a(tx_thread_context_save.o) \
	tx.a(tx_thread_context_restore.o) tx.a(tx_timer_interrupt.o) \
	tx.a(tx_initialize_kernel_enter.o) \
	tx.a(tx_thread_initialize.o) tx.a(tx_thread_time_slice.o) \
	tx.a(tx_time_get.o) tx.a(tx_timer_expiration_process.o) \
	tx.a(tx_timer_initialize.o) tx.a(tx_timer_thread_entry.o) \
	tx.a(txe_event_flags_create.o) tx.a(txe_event_flags_get.o) \
	tx.a(txe_event_flags_set.o) tx.a(txe_queue_create.o) \
	tx.a(txe_queue_info_get.o) tx.a(txe_queue_receive.o) \
	tx.a(txe_queue_send.o) tx.a(txe_thread_create.o) \
	tx.a(txe_timer_activate.o) tx.a(txe_timer_change.o) \
	tx.a(txe_timer_create.o) tx.a(txe_timer_deactivate.o) \
	tx.a(tx_initialize_low_level.o) tx.a(tx_thread_schedule.o) \
	tx.a(tx_event_flags_create.o) tx.a(tx_event_flags_get.o) \
	tx.a(tx_event_flags_set.o) tx.a(tx_initialize_high_level.o) \
	tx.a(tx_queue_create.o) tx.a(tx_queue_info_get.o) \
	tx.a(tx_queue_receive.o) tx.a(tx_queue_send.o) \
	tx.a(tx_thread_create.o) tx.a(tx_thread_shell_entry.o) \
	tx.a(tx_thread_system_preempt_check.o) \
	tx.a(tx_thread_system_resume.o) \
	tx.a(tx_thread_system_suspend.o) tx.a(tx_thread_timeout.o) \
	tx.a(tx_timer_activate.o) tx.a(tx_timer_change.o) \
	tx.a(tx_timer_create.o) tx.a(tx_timer_deactivate.o) \
	tx.a(tx_timer_system_activate.o) \
	tx.a(tx_timer_system_deactivate.o) \
	tx.a(tx_thread_stack_build.o) tx.a(tx_thread_system_return.o) \
	tx.a(tx_event_flags_cleanup.o) tx.a(tx_queue_cleanup.o) \
	-L/cs/course/current/embsys/ARC/MetaWare/arc/lib/a6/le \
	/cs/course/current/embsys/ARC/MetaWare/arc/lib/a6/le/libct.a(lzdecompress.o) \
	/cs/course/current/embsys/ARC/MetaWare/arc/lib/a6/le/libct.a(arc_main.o) \
	/cs/course/current/embsys/ARC/MetaWare/arc/lib/a6/le/libct.a(xcheck.o) \
	/cs/course/current/embsys/ARC/MetaWare/arc/lib/a6/le/libct.a(atexit.o) \
	/cs/course/current/embsys/ARC/MetaWare/arc/lib/a6/le/libct.a(_cleanup.o) \
	/cs/course/current/embsys/ARC/MetaWare/arc/lib/a6/le/libct.a(exit.o) \
	/cs/course/current/embsys/ARC/MetaWare/arc/lib/a6/le/libct.a(initcopy.o) \
	/cs/course/current/embsys/ARC/MetaWare/arc/lib/a6/le/libct.a(memcpy.o) \
	/cs/course/current/embsys/ARC/MetaWare/arc/lib/a6/le/libct.a(f_memset.o) \
	/cs/course/current/embsys/ARC/MetaWare/arc/lib/a6/le/libct.a(strcpy.o) \
MetaWare Linker (ELF/ARCompact) 8.4.6
(c) Copyright 1995-2009, ARC International			Page 2
Mon Jul  9 19:59:26 2012

	/cs/course/current/embsys/ARC/MetaWare/arc/lib/a6/le/libct.a(strlen.o) \
	/cs/course/current/embsys/ARC/MetaWare/arc/lib/a6/le/libct.a(_fclosfp.o) \
	/cs/course/current/embsys/ARC/MetaWare/arc/lib/a6/le/libct.a(_enable.o) \
	/cs/course/current/embsys/ARC/MetaWare/arc/lib/a6/le/libct.a(invcache.o) \
	/cs/course/current/embsys/ARC/MetaWare/arc/lib/a6/le/libct.a(memchr.o) \
	/cs/course/current/embsys/ARC/MetaWare/arc/lib/a6/le/libhlt.a(argv.o) \
	/cs/course/current/embsys/ARC/MetaWare/arc/lib/a6/le/libhlt.a(_exit.o) \
	/cs/course/current/embsys/ARC/MetaWare/arc/lib/a6/le/libhlt.a(hl_bios.o) \
	/cs/course/current/embsys/ARC/MetaWare/arc/lib/a6/le/libhlt.a(hl_data.o) \
	/cs/course/current/embsys/ARC/MetaWare/arc/lib/a6/le/libhlt.a(hl_lock.o) \
	/cs/course/current/embsys/ARC/MetaWare/arc/lib/a6/le/libhlt.a(hostcom.o) \
	/cs/course/current/embsys/ARC/MetaWare/arc/lib/a6/le/libmw.a(ac_chkstk.o) \
	/cs/course/current/embsys/ARC/MetaWare/arc/lib/a6/le/libmw.a(ac_mc_13.o) \
	/cs/course/current/embsys/ARC/MetaWare/arc/lib/a6/le/libmw.a(ac_mc_va.o) \
	/cs/course/current/embsys/ARC/MetaWare/arc/lib/a6/le/libmw.a(div.o) \
	/cs/course/current/embsys/ARC/MetaWare/arc/lib/a6/le/libmw.a(mwsetbitu.o) \
	[ -Bbind=.text$bithelper$__mwsetbitu1,.debug_frame.0 \
	-Bbind=.text$bithelper$__mwsetbitu2,.debug_frame.1 \
	-Bbind=.text$bithelper$__mwsetbitu,.debug_frame.2 ] \
	/cs/course/current/embsys/ARC/MetaWare/arc/lib/a6/le/libmw.a(mwsetubitu.o) \
	[ -Bbind=.text$bithelper$__mwsetubitu1,.debug_frame.0 \
	-Bbind=.text$bithelper$__mwsetubitu2,.debug_frame.1 \
	-Bbind=.text$bithelper$__mwsetubitu,.debug_frame.2 ] \
	/cs/course/current/embsys/ARC/MetaWare/arc/lib/a6/le/libmw.a(_ucdata_end.o) \
	/cs/course/current/embsys/ARC/MetaWare/arc/lib/a6/le/libmw.a(mutexg.o) \
	/cs/course/current/embsys/ARC/MetaWare/arc/lib/a6/le/libmw.a(mwdctor.o) \
	/cs/course/current/embsys/ARC/MetaWare/arc/lib/a6/le/libmw.a(_vdmemcpy.o) \
	/cs/course/current/embsys/ARC/MetaWare/arc/lib/a6/le/libmw.a(_vsmemcpy.o) \
	/cs/course/current/embsys/ARC/MetaWare/arc/lib/a6/le/libmw.a(_memclr.o) \
	/cs/course/current/embsys/ARC/MetaWare/arc/lib/a6/le/libmw.a(startk.o) \
	/cs/course/current/embsys/ARC/MetaWare/arc/lib/a6/le/libmw.a(div0max.o) \
	/cs/course/current/embsys/ARC/MetaWare/arc/lib/a6/le/libmw.a(mwinsert.o) \
	[ -Bbind=.text$bithelper$__mwinsert,.debug_frame.0 ] -o \
	ex3.out 

Command file "device.svr3":
    MEMORY {
           ROM: ORIGIN = 0x00000000 LENGTH = 32K
           RAM: ORIGIN = 0x00080000 LENGTH = 64K
    }

    INITDATA !data

    SECTIONS {
       GROUP: {
          INTERRUPT_TABLE: {}
          * (TEXT): {}
          * (LIT): {}
       } > ROM
       GROUP: {
          *(BSS): {}
          .stack ALIGN(4) SIZE(0x1000): {}
       } > RAM
    }

OUTPUT MODULE NAME:	ex3.out
MetaWare Linker (ELF/ARCompact) 8.4.6
(c) Copyright 1995-2009, ARC International			Page 3
Mon Jul  9 19:59:26 2012

OUTPUT MODULE FORMAT:	Absolute Executable
_____________________________


SIZE SUMMARY
------------

   Executable code            = 23044 (22.50KB)
   Read only data (lit)       =  1068 ( 1.04KB)
   Writable data              =     0 ( 0.00KB)
   BSS(zero fill)             = 44540 (43.50KB)
   Unallocated (e.g., Debug)  = 88348 (86.28KB)

   Total read only portion (code + lit)   = 24112 (23.55KB)
   Total read/write portion (data + bss)  = 44540 (43.50KB)
   Total ROM size (code+lit+data)         = 24112 (23.55KB)

SECTION SUMMARY
_______________

OUTPUT/  TYPE   START     END
 INPUT SECTION  ADDRESS   ADDRESS   LENGTH

INTERRUPT_TABLE
         text   00000000  0000014b  0000014c
.fini    text   0000014c  0000015f  00000014
.init    text   00000160  00000193  00000034
.text    text   000001a0  00005a03  00005864
.initdat lit    00005a04  00005cdf  000002dc
.rodata  lit    00005ce0  00005e2f  00000150
.bss     bss    00080000  0008931f  00009320
.data1   bss    00089400  00089b27  00000728
.ucdata  bss    00089c00  00089cff  00000100
.sdata   bss    00089d00  00089dc3  000000c4
.data    bss    00089dc4  00089df8  00000035
.stack   bss    00089dfc  0008adfb  00001000


SECTION DETAILS
_______________

OUTPUT/  TYPE   START     END
 INPUT SECTION  ADDRESS   ADDRESS   LENGTH   MODULE NAME

INTERRUPT_TABLE
         text   00000000  0000014b  0000014c

    INTERRUPT_TABLE
                00000000  0000014b  0000014c  ivt.o
                00000000   InterruptTable

.fini    text   0000014c  0000015f  00000014

    .fini       0000014c  0000014f  00000004  /cs/course/current/embsys/ARC/MetaWare/arc/lib/a6/le/crti.o
                0000014c   _fini
    .fini$999999
MetaWare Linker (ELF/ARCompact) 8.4.6
(c) Copyright 1995-2009, ARC International			Page 4
Mon Jul  9 19:59:26 2012

                00000150  0000015f  00000010  /cs/course/current/embsys/ARC/MetaWare/arc/lib/a6/le/crti.o

.init    text   00000160  00000193  00000034

    .init       00000160  00000163  00000004  /cs/course/current/embsys/ARC/MetaWare/arc/lib/a6/le/crti.o
                00000160   _init
    .init       00000164  0000016d  0000000a  /cs/course/current/embsys/ARC/MetaWare/arc/lib/a6/le/libct.a(atexit.o)
    .init       0000016e  00000181  00000014  /cs/course/current/embsys/ARC/MetaWare/arc/lib/a6/le/libhlt.a(hl_lock.o)
    <padding>   00000182  00000183  00000002
    .init$999999
                00000184  00000193  00000010  /cs/course/current/embsys/ARC/MetaWare/arc/lib/a6/le/crti.o

.text    text   000001a0  00005a03  00005864

    .text       000001a0  00000253  000000b4  /cs/course/current/embsys/ARC/MetaWare/arc/lib/a6/le/crt1.o
                000001a0   _start
                00000240   _exit_halt
    .text       00000254  0000039f  0000014c  ex3.o
                00000254   none
                00000258   intHARDWARE
                0000028c   main
                000002b0   tx_application_define
    .text       000003a0  00000497  000000f8  LCD.o
                000003a0   lcd_init
                00000408   lcd_set_row
                00000424   lcd_set_new_buffer
                00000484   lcd_done
    .text       00000498  00000587  000000f0  timer.o
                00000498   timer0_register
                000004ec   timer1_register
                00000540   timer0ISR
                00000564   timer1ISR
    .text       00000588  00000611  0000008a  tebahpla.o
                00000588   get7bits
                0000059c   getCHAR
                000005e4   my_memcpy
    <padding>   00000612  00000613  00000002
    .text       00000614  00000661  0000004e  input_panel.o
                00000614   ip_init
                00000634   ip_enable
                00000640   ip_disable
                0000064c   InputPanel_ISR
    <padding>   00000662  00000663  00000002
    .text       00000664  000013ab  00000d48  UI.o
                00000664   emptyLine
                00000698   menuLine
                000006e8   drawNum
                00000750   getMessage
                000007dc   showMessageSource
                0000081c   showTimeRecived
                000008d0   showMessageContent
                00000974   showMessage
                00000b0c   showListScreen
                00000b70   noneUI
                00000b74   inputPanelCallBack
                00000ba4   getLetter
MetaWare Linker (ELF/ARCompact) 8.4.6
(c) Copyright 1995-2009, ARC International			Page 5
Mon Jul  9 19:59:26 2012

                00000ccc   createNewMessage
                00000d34   writeLetter
                00000e70   createNewMessageNumber
                00000ed8   writeDigit
                00000f8c   inputPanelLoop
                00001324   initUI
                0000134c   startUI
                00001350   addNewMessageToMessages
    .text       000013ac  00001737  0000038c  network.o
                000013ac   copyCallBacksSucess
                00001404   network_init
                000014b0   network_ISR
                0000165c   network_set_operating_mode
                00001698   network_send_packet_start
    .text       00001738  00001b89  00000452  embsys_sms_protocol.sol
                00001738   str2swappedNibble
                00001780   str2addr
                000017b8   embsys_fill_probe
                00001848   embsys_fill_submit
                00001950   swappedNibble2str
                000019ac   embsys_parse_submit_ack
                00001a0c   embsys_parse_deliver
                00001b20   addr2str
                00001b6c   timestamp2str
                00001b7c   str2timestamp
    <padding>   00001b8a  00001b8b  00000002
    .text       00001b8c  0000216f  000005e4  smsClient.o
                00001b8c   wakeUp
                00001bec   initSmsClient
                00001d1c   network_packet_transmitted_cb1
                00001d30   network_transmit_error_cb1
                00001d58   setTime
                00001d8c   reciveSms
                00001df8   network_packet_received_cb1
                00001ecc   network_packet_dropped_cb1
                00001ee8   getNumberTo
                00001f20   sendMessage
                00002004   sendToSMSC
                00002050   sendProbe
                000020c8   sendReceiveLoop
    .text       00002170  00002243  000000d4  tx.a(tx_thread_context_save.o)
                00002170   _tx_thread_context_save
    .text       00002244  000023b3  00000170  tx.a(tx_thread_context_restore.o)
                00002244   _tx_thread_context_restore
    .text       000023b4  00002493  000000e0  tx.a(tx_timer_interrupt.o)
                000023b4   _mwprof_countdown_ticks
                000023b8   _mwprof_countdown_freq
                000023bc   _tx_timer_interrupt
    .text       00002494  000024df  0000004c  tx.a(tx_initialize_kernel_enter.o)
                00002494   _tx_initialize_kernel_enter
    .text       000024e0  00002537  00000058  tx.a(tx_thread_initialize.o)
                000024e0   _tx_thread_initialize
    .text       00002538  000025e7  000000b0  tx.a(tx_thread_time_slice.o)
                00002538   _tx_thread_time_slice
    .text       000025e8  00002617  00000030  tx.a(tx_time_get.o)
                000025e8   _tx_time_get
MetaWare Linker (ELF/ARCompact) 8.4.6
(c) Copyright 1995-2009, ARC International			Page 6
Mon Jul  9 19:59:26 2012

    .text       00002618  00002645  0000002e  tx.a(tx_timer_expiration_process.o)
                00002618   _tx_timer_expiration_process
    <padding>   00002646  00002647  00000002
    .text       00002648  000026e7  000000a0  tx.a(tx_timer_initialize.o)
                00002648   _tx_timer_initialize
    .text       000026e8  000028d3  000001ec  tx.a(tx_timer_thread_entry.o)
                000026e8   _tx_timer_thread_entry
    .text       000028d4  000029bb  000000e8  tx.a(txe_event_flags_create.o)
                000028d4   _txe_event_flags_create
    .text       000029bc  00002a2d  00000072  tx.a(txe_event_flags_get.o)
                000029bc   _txe_event_flags_get
    <padding>   00002a2e  00002a2f  00000002
    .text       00002a30  00002a6d  0000003e  tx.a(txe_event_flags_set.o)
                00002a30   _txe_event_flags_set
    <padding>   00002a6e  00002a6f  00000002
    .text       00002a70  00002b93  00000124  tx.a(txe_queue_create.o)
                00002a70   _txe_queue_create
    .text       00002b94  00002bbd  0000002a  tx.a(txe_queue_info_get.o)
                00002b94   _txe_queue_info_get
    <padding>   00002bbe  00002bbf  00000002
    .text       00002bc0  00002c21  00000062  tx.a(txe_queue_receive.o)
                00002bc0   _txe_queue_receive
    <padding>   00002c22  00002c23  00000002
    .text       00002c24  00002c85  00000062  tx.a(txe_queue_send.o)
                00002c24   _txe_queue_send
    <padding>   00002c86  00002c87  00000002
    .text       00002c88  00002e2f  000001a8  tx.a(txe_thread_create.o)
                00002c88   _txe_thread_create
    .text       00002e30  00002e55  00000026  tx.a(txe_timer_activate.o)
                00002e30   _txe_timer_activate
    <padding>   00002e56  00002e57  00000002
    .text       00002e58  00002ea9  00000052  tx.a(txe_timer_change.o)
                00002e58   _txe_timer_change
    <padding>   00002eaa  00002eab  00000002
    .text       00002eac  00002fdb  00000130  tx.a(txe_timer_create.o)
                00002eac   _txe_timer_create
    .text       00002fdc  00003001  00000026  tx.a(txe_timer_deactivate.o)
                00002fdc   _txe_timer_deactivate
    <padding>   00003002  00003003  00000002
    .text       00003004  00003023  00000020  tx.a(tx_initialize_low_level.o)
                00003004   _tx_initialize_low_level
    .text       00003024  00003157  00000134  tx.a(tx_thread_schedule.o)
                00003024   _tx_thread_schedule
    .text       00003158  000031e3  0000008c  tx.a(tx_event_flags_create.o)
                00003158   _tx_event_flags_create
    .text       000031e4  00003343  00000160  tx.a(tx_event_flags_get.o)
                000031e4   _tx_event_flags_get
    .text       00003344  00003693  00000350  tx.a(tx_event_flags_set.o)
                00003344   _tx_event_flags_set
    .text       00003694  000036d9  00000046  tx.a(tx_initialize_high_level.o)
                00003694   _tx_initialize_high_level
    <padding>   000036da  000036db  00000002
    .text       000036dc  00003823  00000148  tx.a(tx_queue_create.o)
                000036dc   _tx_queue_create
    .text       00003824  000038cf  000000ac  tx.a(tx_queue_info_get.o)
                00003824   _tx_queue_info_get
MetaWare Linker (ELF/ARCompact) 8.4.6
(c) Copyright 1995-2009, ARC International			Page 7
Mon Jul  9 19:59:26 2012

    .text       000038d0  00003b47  00000278  tx.a(tx_queue_receive.o)
                000038d0   _tx_queue_receive
    .text       00003b48  00003d7b  00000234  tx.a(tx_queue_send.o)
                00003b48   _tx_queue_send
    .text       00003d7c  00003f29  000001ae  tx.a(tx_thread_create.o)
                00003d7c   _tx_thread_create
    <padding>   00003f2a  00003f2b  00000002
    .text       00003f2c  00003fd7  000000ac  tx.a(tx_thread_shell_entry.o)
                00003f2c   _tx_thread_shell_entry
    .text       00003fd8  00003ffd  00000026  tx.a(tx_thread_system_preempt_check.o)
                00003fd8   _tx_thread_system_preempt_check
    <padding>   00003ffe  00003fff  00000002
    .text       00004000  0000414f  00000150  tx.a(tx_thread_system_resume.o)
                00004000   _tx_thread_system_resume
    .text       00004150  0000441f  000002d0  tx.a(tx_thread_system_suspend.o)
                00004150   _tx_thread_system_suspend
    .text       00004420  0000449b  0000007c  tx.a(tx_thread_timeout.o)
                00004420   _tx_thread_timeout
    .text       0000449c  000044c5  0000002a  tx.a(tx_timer_activate.o)
                0000449c   _tx_timer_activate
    <padding>   000044c6  000044c7  00000002
    .text       000044c8  0000450b  00000044  tx.a(tx_timer_change.o)
                000044c8   _tx_timer_change
    .text       0000450c  000045e7  000000dc  tx.a(tx_timer_create.o)
                0000450c   _tx_timer_create
    .text       000045e8  000046c7  000000e0  tx.a(tx_timer_deactivate.o)
                000045e8   _tx_timer_deactivate
    .text       000046c8  00004777  000000b0  tx.a(tx_timer_system_activate.o)
                000046c8   _tx_timer_system_activate
    .text       00004778  000047eb  00000074  tx.a(tx_timer_system_deactivate.o)
                00004778   _tx_timer_system_deactivate
    .text       000047ec  000048c7  000000dc  tx.a(tx_thread_stack_build.o)
                000047ec   _tx_thread_stack_build
    .text       000048c8  0000494f  00000088  tx.a(tx_thread_system_return.o)
                000048c8   _tx_thread_system_return
    .text       00004950  00004a37  000000e8  tx.a(tx_event_flags_cleanup.o)
                00004950   _tx_event_flags_cleanup
    .text       00004a38  00004b07  000000d0  tx.a(tx_queue_cleanup.o)
                00004a38   _tx_queue_cleanup
    .text       00004b08  00004b93  0000008c  /cs/course/current/embsys/ARC/MetaWare/arc/lib/a6/le/libct.a(lzdecompress.o)
                00004b08   _lz_decompress
    .text       00004b94  00004c8f  000000fc  /cs/course/current/embsys/ARC/MetaWare/arc/lib/a6/le/libct.a(arc_main.o)
                00004b94   _timer_default_reset
                00004b98   _mwrtl_init
                00004bac   _mwcall_main
                00004c34   __arc_main
    .text       00004c90  00004d0f  00000080  /cs/course/current/embsys/ARC/MetaWare/arc/lib/a6/le/libct.a(atexit.o)
                00004c90   atexit
    .text       00004d10  00004d3f  00000030  /cs/course/current/embsys/ARC/MetaWare/arc/lib/a6/le/libct.a(_cleanup.o)
                00004d10   __cleanup
                00004d30   _cexit
                00004d34   _c_exit
    .text       00004d40  00004d63  00000024  /cs/course/current/embsys/ARC/MetaWare/arc/lib/a6/le/libct.a(exit.o)
                00004d40   exit
    .text       00004d64  00004e13  000000b0  /cs/course/current/embsys/ARC/MetaWare/arc/lib/a6/le/libct.a(initcopy.o)
                00004d64   _initcopy_exit
MetaWare Linker (ELF/ARCompact) 8.4.6
(c) Copyright 1995-2009, ARC International			Page 8
Mon Jul  9 19:59:26 2012

                00004d84   _initcopy
    <padding>   00004e14  00004e1f  0000000c
    .text       00004e20  00004ecf  000000b0  /cs/course/current/embsys/ARC/MetaWare/arc/lib/a6/le/libct.a(memcpy.o)
                00004e20   memcpy
    .text       00004ed0  00004f19  0000004a  /cs/course/current/embsys/ARC/MetaWare/arc/lib/a6/le/libct.a(f_memset.o)
                00004ed0   memset
    <padding>   00004f1a  00004f1b  00000002
    .text       00004f1c  00004f47  0000002c  /cs/course/current/embsys/ARC/MetaWare/arc/lib/a6/le/libct.a(strcpy.o)
                00004f1c   strcpy
    .text       00004f48  00004f5f  00000018  /cs/course/current/embsys/ARC/MetaWare/arc/lib/a6/le/libct.a(strlen.o)
                00004f48   strlen
    .text       00004f60  00004f8f  00000030  /cs/course/current/embsys/ARC/MetaWare/arc/lib/a6/le/libct.a(_enable.o)
                00004f60   _enable
                00004f70   _enable1
                00004f80   _enable2
    .text       00004f90  00004fe5  00000056  /cs/course/current/embsys/ARC/MetaWare/arc/lib/a6/le/libct.a(invcache.o)
                00004f90   _invalidate_icache
                00004fbc   _invalidate_dcache
    <padding>   00004fe6  00004fe7  00000002
    .text       00004fe8  00005001  0000001a  /cs/course/current/embsys/ARC/MetaWare/arc/lib/a6/le/libct.a(memchr.o)
                00004fe8   memchr
    <padding>   00005002  00005003  00000002
    .text       00005004  00005083  00000080  /cs/course/current/embsys/ARC/MetaWare/arc/lib/a6/le/libhlt.a(argv.o)
                00005004   __argc
                00005034   __argv
    .text       00005084  000050bf  0000003c  /cs/course/current/embsys/ARC/MetaWare/arc/lib/a6/le/libhlt.a(_exit.o)
                00005084   _exit
    .text       000050c0  00005177  000000b8  /cs/course/current/embsys/ARC/MetaWare/arc/lib/a6/le/libhlt.a(hl_bios.o)
                000050c0   _hl_send
                0000512c   _hl_payload
                00005130   _hl_blockedPeek
                00005160   _hl_delete
    .text       00005178  0000517d  00000006  /cs/course/current/embsys/ARC/MetaWare/arc/lib/a6/le/libhlt.a(hl_data.o)
                00005178   _hl_buffer_size
    <padding>   0000517e  0000517f  00000002
    .text       00005180  00005193  00000014  /cs/course/current/embsys/ARC/MetaWare/arc/lib/a6/le/libhlt.a(hl_lock.o)
    .text       00005194  00005403  00000270  /cs/course/current/embsys/ARC/MetaWare/arc/lib/a6/le/libhlt.a(hostcom.o)
                00005194   _hl_packChar
                000051b4   _hl_unPackChar
                000051d4   _hl_packShort
                000051ec   _hl_unPackShort
                0000520c   _hl_packInt
                00005220   _hl_unPackInt
                00005240   _hl_packString
                00005268   _hl_unPackString
                0000529c   _hl_packStringZ
                000052b8   _hl_unPackStringZ
                000052c8   _hl_unPackStringLen
                000053ac   _hl_message
                000053c4   _user_hostlink
    .text       00005404  00005421  0000001e  /cs/course/current/embsys/ARC/MetaWare/arc/lib/a6/le/libmw.a(ac_chkstk.o)
                00005404   _stkchk
    <padding>   00005422  00005423  00000002
    .text       00005424  00005507  000000e4  /cs/course/current/embsys/ARC/MetaWare/arc/lib/a6/le/libmw.a(ac_mc_13.o)
                00005424   __ac_push_13_to_26
                00005428   __ac_push_13_to_25
MetaWare Linker (ELF/ARCompact) 8.4.6
(c) Copyright 1995-2009, ARC International			Page 9
Mon Jul  9 19:59:26 2012

                0000542c   __ac_push_13_to_24
                00005430   __ac_push_13_to_23
                00005434   __ac_push_13_to_22
                00005438   __ac_push_13_to_21
                0000543c   __ac_push_13_to_20
                00005440   __ac_push_13_to_19
                00005444   __ac_push_13_to_18
                00005448   __ac_push_13_to_17
                0000544c   __ac_push_13_to_16
                00005450   __ac_push_13_to_15
                00005454   __ac_push_13_to_14
                00005458   __ac_push_13_to_13
                00005460   __ac_pop_13_to_26
                00005462   __ac_pop_13_to_26v
                00005468   __ac_pop_13_to_25
                0000546a   __ac_pop_13_to_25v
                00005470   __ac_pop_13_to_24
                00005472   __ac_pop_13_to_24v
                00005478   __ac_pop_13_to_23
                0000547a   __ac_pop_13_to_23v
                00005480   __ac_pop_13_to_22
                00005482   __ac_pop_13_to_22v
                00005488   __ac_pop_13_to_21
                0000548a   __ac_pop_13_to_21v
                00005490   __ac_pop_13_to_20
                00005492   __ac_pop_13_to_20v
                00005498   __ac_pop_13_to_19
                0000549a   __ac_pop_13_to_19v
                000054a0   __ac_pop_13_to_18
                000054a2   __ac_pop_13_to_18v
                000054a8   __ac_pop_13_to_17
                000054aa   __ac_pop_13_to_17v
                000054b0   __ac_pop_13_to_16
                000054b2   __ac_pop_13_to_16v
                000054b8   __ac_pop_13_to_15
                000054ba   __ac_pop_13_to_15v
                000054c0   __ac_pop_13_to_14
                000054c2   __ac_pop_13_to_14v
                000054c8   __ac_pop_13_to_13
                000054ca   __ac_pop_13_to_13v
    .text       00005508  00005527  00000020  /cs/course/current/embsys/ARC/MetaWare/arc/lib/a6/le/libmw.a(ac_mc_va.o)
                00005508   __ac_mc_va
    .text       00005528  00005633  0000010c  /cs/course/current/embsys/ARC/MetaWare/arc/lib/a6/le/libmw.a(div.o)
                00005528   _udivmod
                00005538   _divmod
    .text       00005634  00005641  0000000e  /cs/course/current/embsys/ARC/MetaWare/arc/lib/a6/le/libmw.a(mutexg.o)
                00005634   _mwmutex_create
                00005638   _mwmutex_delete
                0000563c   _mwmutex_lock
                00005640   _mwmutex_unlock
    <padding>   00005642  00005643  00000002
    .text       00005644  00005717  000000d4  /cs/course/current/embsys/ARC/MetaWare/arc/lib/a6/le/libmw.a(mwdctor.o)
                00005680   __mw_register_ctor
                00005690   __mw_register_dtor
                000056a0   __mw_run_tls_ctor
                000056b8   __mw_run_tls_dtor
MetaWare Linker (ELF/ARCompact) 8.4.6
(c) Copyright 1995-2009, ARC International			Page 10
Mon Jul  9 19:59:26 2012

                000056d0   __mw_cpp_exit
                000056f4   __mw_cpp_init
    <padding>   00005718  0000571f  00000008
    .text       00005720  000057cf  000000b0  /cs/course/current/embsys/ARC/MetaWare/arc/lib/a6/le/libmw.a(_vdmemcpy.o)
                00005720   _vdmemcpy
    .text       000057d0  0000587f  000000b0  /cs/course/current/embsys/ARC/MetaWare/arc/lib/a6/le/libmw.a(_vsmemcpy.o)
                000057d0   _vsmemcpy
    .text       00005880  00005911  00000092  /cs/course/current/embsys/ARC/MetaWare/arc/lib/a6/le/libmw.a(_memclr.o)
                00005880   _memclr
    <padding>   00005912  00005913  00000002
    .text       00005914  00005915  00000002  /cs/course/current/embsys/ARC/MetaWare/arc/lib/a6/le/libmw.a(startk.o)
                00005914   __start_kernel
    <padding>   00005916  00005917  00000002
    .text       00005918  0000592f  00000018  /cs/course/current/embsys/ARC/MetaWare/arc/lib/a6/le/libmw.a(div0max.o)
                00005918   _div0
                0000592a   _udiv0
    .text$_xcheckaa
                00005930  0000593f  00000010  /cs/course/current/embsys/ARC/MetaWare/arc/lib/a6/le/libct.a(xcheck.o)
                00005930   __xcheck
    .text$_xcheckzz
                00005940  00005943  00000004  /cs/course/current/embsys/ARC/MetaWare/arc/lib/a6/le/libct.a(xcheck.o)
                00005940   __xend
    .text$bithelper$__mwinsert
                00005944  00005965  00000022  /cs/course/current/embsys/ARC/MetaWare/arc/lib/a6/le/libmw.a(mwinsert.o)
                00005944   __mwinsert
    <padding>   00005966  00005967  00000002
    .text$bithelper$__mwsetbitu
                00005968  0000597b  00000014  /cs/course/current/embsys/ARC/MetaWare/arc/lib/a6/le/libmw.a(mwsetbitu.o)
                00005968   __mwsetbitu
    .text$bithelper$__mwsetbitu1
                0000597c  0000598f  00000014  /cs/course/current/embsys/ARC/MetaWare/arc/lib/a6/le/libmw.a(mwsetbitu.o)
                0000597c   __mwsetbitu1
    .text$bithelper$__mwsetbitu2
                00005990  000059a3  00000014  /cs/course/current/embsys/ARC/MetaWare/arc/lib/a6/le/libmw.a(mwsetbitu.o)
                00005990   __mwsetbitu2
    .text$bithelper$__mwsetubitu
                000059a4  000059bb  00000018  /cs/course/current/embsys/ARC/MetaWare/arc/lib/a6/le/libmw.a(mwsetubitu.o)
                000059a4   __mwsetubitu
    .text$bithelper$__mwsetubitu1
                000059bc  000059d3  00000018  /cs/course/current/embsys/ARC/MetaWare/arc/lib/a6/le/libmw.a(mwsetubitu.o)
                000059bc   __mwsetubitu1
    .text$bithelper$__mwsetubitu2
                000059d4  000059eb  00000018  /cs/course/current/embsys/ARC/MetaWare/arc/lib/a6/le/libmw.a(mwsetubitu.o)
                000059d4   __mwsetubitu2
    __mwsetbitu1_0_7
                000059ec  000059f7  0000000c  tebahpla.o
                000059ec   __mwsetbitu1_0_7
    __mwsetubitu1_5_3
                000059f8  00005a03  0000000c  network.o
                000059f8   __mwsetubitu1_5_3

.initdat lit    00005a04  00005cdf  000002dc

    .initdat    00005a04  00005cdf  000002dc  <Linker Defined>
                00005a04   _initdat
                00005ce0   _einitdat
MetaWare Linker (ELF/ARCompact) 8.4.6
(c) Copyright 1995-2009, ARC International			Page 11
Mon Jul  9 19:59:26 2012


.rodata  lit    00005ce0  00005e2f  00000150

    .rodata     00005ce0  00005d18  00000039  ex3.o
    <padding>   00005d19  00005d1b  00000003
    .rodata     00005d1c  00005d94  00000079  UI.o
                00005d1c   newDeleteMessage
                00005d2c   backDeleteMessage
                00005d3c   button1
                00005d44   button2
                00005d4c   button3
                00005d54   button4
                00005d5c   button5
                00005d64   button6
                00005d6c   button7
                00005d74   button8
                00005d7c   button9
                00005d84   button0
    <padding>   00005d95  00005d97  00000003
    .rodata     00005d98  00005db7  00000020  smsClient.o
    .rodata     00005db8  00005e02  0000004b  tx.a(tx_thread_initialize.o)
                00005db8   _tx_thread_special_string
    <padding>   00005e03  00005e03  00000001
    .rodata     00005e04  00005e08  00000005  /cs/course/current/embsys/ARC/MetaWare/arc/lib/a6/le/libhlt.a(argv.o)
    <padding>   00005e09  00005e0b  00000003
    .rodata     00005e0c  00005e0d  00000002  /cs/course/current/embsys/ARC/MetaWare/arc/lib/a6/le/libhlt.a(_exit.o)
    <padding>   00005e0e  00005e0f  00000002
    .rodata     00005e10  00005e1b  0000000c  /cs/course/current/embsys/ARC/MetaWare/arc/lib/a6/le/libhlt.a(hostcom.o)
    .rodata$strings
                00005e1c  00005e2f  00000014  tx.a(tx_timer_initialize.o)

.bss     bss    00080000  0008931f  00009320

    .bss        00080000  000832bb  000032bc  ex3.o
                00080000   receiveQueue
                0008003c   ToSendQueue
                00080078   receiveThread
                0008012c   sendThread
                000801e0   GUI_thread
                00080294   guistack
                00081294   receiveThreadStack
                00082294   sendThreadStack
                00083294   receiveQueueStack
                000832a8   sendQueueStack
    .bss        000832bc  00083393  000000d8  LCD.o
                000832bc   _lcdData
    .bss        00083394  00087bff  0000486c  UI.o
                00083394   event_flags_0
                000833bc   toSend
                00083474   messages
                00087b28   screenBuffer
    .bss        00087c00  00087c0f  00000010  network.o
                00087c00   my_network_callbacks
    .bss        00087c10  000887db  00000bcc  smsClient.o
                00087c10   probe_ack
                00087c30   probeBuffer12
MetaWare Linker (ELF/ARCompact) 8.4.6
(c) Copyright 1995-2009, ARC International			Page 12
Mon Jul  9 19:59:26 2012

                00087cd4   transmit_buffer
                00087cf8   recieve_buffer
                00087d1c   recevedMsg
                00088044   toSendList
                000883dc   recivedList
                00088788   NetworkWakeupFlag
                000887b0   my_timer
    .bss        000887dc  0008885b  00000080  tx.a(tx_thread_initialize.o)
                000887dc   _tx_thread_priority_list
    .bss        0008885c  0008918f  00000934  tx.a(tx_timer_initialize.o)
                0008885c   _tx_timer_list
                000888dc   _tx_timer_thread
                00088990   _tx_timer_thread_stack_area
    .bss        00089190  0008921f  00000090  /cs/course/current/embsys/ARC/MetaWare/arc/lib/a6/le/libct.a(atexit.o)
    .bss        00089220  0008931f  00000100  /cs/course/current/embsys/ARC/MetaWare/arc/lib/a6/le/libhlt.a(argv.o)

.data1   bss    00089400  00089b27  00000728

    .data1      00089400  0008947e  0000007f  tebahpla.o
                00089400   tebahpla
    <padding>   0008947f  0008947f  00000001
    .data1      00089480  0008952d  000000ae  tx.a(tx_thread_initialize.o)
                00089480   _tx_version_id
    <padding>   0008952e  0008952f  00000002
    .data1      00089530  0008953b  0000000c  /cs/course/current/embsys/ARC/MetaWare/arc/lib/a6/le/libct.a(atexit.o)
    <padding>   0008953c  000895ff  000000c4
    .data1      00089600  00089aff  00000500  /cs/course/current/embsys/ARC/MetaWare/arc/lib/a6/le/libhlt.a(hl_data.o)
                00089600   __HOSTLINK__
    .data1      00089b00  00089b17  00000018  /cs/course/current/embsys/ARC/MetaWare/arc/lib/a6/le/libhlt.a(hl_lock.o)
    .data1      00089b18  00089b27  00000010  /cs/course/current/embsys/ARC/MetaWare/arc/lib/a6/le/libmw.a(mwdctor.o)

.ucdata  bss    00089c00  00089cff  00000100

    .ucdata$@start
                00089c00  00089bff  00000000  /cs/course/current/embsys/ARC/MetaWare/arc/lib/a6/le/libmw.a(_ucdata_end.o)
                00089c00   _ucdata_start
    .ucdata     00089c00  00089c14  00000015  UI.o
                00089c00   myButton
                00089c02   lastButton
                00089c04   numOfTimes
                00089c08   size
                00089c0c   currentMessage
                00089c10   topMessage
                00089c14   curState
    <padding>   00089c15  00089c17  00000003
    .ucdata     00089c18  00089c2b  00000014  smsClient.o
                00089c18   toSendListHead
                00089c1c   recivedListHead
                00089c20   sendAckRecived
                00089c24   data_length
                00089c28   messageThatWasSent
    <padding>   00089c2c  00089cff  000000d4
    .ucdata     00089d00  00089cff  00000000  /cs/course/current/embsys/ARC/MetaWare/arc/lib/a6/le/libmw.a(_ucdata_end.o)
                00089d00   _ucdata_end

.sdata   bss    00089d00  00089dc3  000000c4
MetaWare Linker (ELF/ARCompact) 8.4.6
(c) Copyright 1995-2009, ARC International			Page 13
Mon Jul  9 19:59:26 2012


    .sdata$l$_lcd_complete_cb
                00089d00  00089d03  00000004  LCD.o
                00089d00   _lcd_complete_cb
    .sdata$l$_tx_block_pool_created_count
                00089d04  00089d07  00000004  tx.a(tx_initialize_high_level.o)
                00089d04   _tx_block_pool_created_count
    .sdata$l$_tx_block_pool_created_ptr
                00089d08  00089d0b  00000004  tx.a(tx_initialize_high_level.o)
                00089d08   _tx_block_pool_created_ptr
    .sdata$l$_tx_build_options
                00089d0c  00089d0f  00000004  tx.a(tx_thread_initialize.o)
                00089d0c   _tx_build_options
    .sdata$l$_tx_byte_pool_created_count
                00089d10  00089d13  00000004  tx.a(tx_initialize_high_level.o)
                00089d10   _tx_byte_pool_created_count
    .sdata$l$_tx_byte_pool_created_ptr
                00089d14  00089d17  00000004  tx.a(tx_initialize_high_level.o)
                00089d14   _tx_byte_pool_created_ptr
    .sdata$l$_tx_event_flags_created_count
                00089d18  00089d1b  00000004  tx.a(tx_initialize_high_level.o)
                00089d18   _tx_event_flags_created_count
    .sdata$l$_tx_event_flags_created_ptr
                00089d1c  00089d1f  00000004  tx.a(tx_initialize_high_level.o)
                00089d1c   _tx_event_flags_created_ptr
    .sdata$l$_tx_initialize_unused_memory
                00089d20  00089d23  00000004  tx.a(tx_initialize_kernel_enter.o)
                00089d20   _tx_initialize_unused_memory
    .sdata$l$_tx_mutex_created_count
                00089d24  00089d27  00000004  tx.a(tx_initialize_high_level.o)
                00089d24   _tx_mutex_created_count
    .sdata$l$_tx_mutex_created_ptr
                00089d28  00089d2b  00000004  tx.a(tx_initialize_high_level.o)
                00089d28   _tx_mutex_created_ptr
    .sdata$l$_tx_queue_created_count
                00089d2c  00089d2f  00000004  tx.a(tx_initialize_high_level.o)
                00089d2c   _tx_queue_created_count
    .sdata$l$_tx_queue_created_ptr
                00089d30  00089d33  00000004  tx.a(tx_initialize_high_level.o)
                00089d30   _tx_queue_created_ptr
    .sdata$l$_tx_semaphore_created_count
                00089d34  00089d37  00000004  tx.a(tx_initialize_high_level.o)
                00089d34   _tx_semaphore_created_count
    .sdata$l$_tx_semaphore_created_ptr
                00089d38  00089d3b  00000004  tx.a(tx_initialize_high_level.o)
                00089d38   _tx_semaphore_created_ptr
    .sdata$l$_tx_thread_created_count
                00089d3c  00089d3f  00000004  tx.a(tx_thread_initialize.o)
                00089d3c   _tx_thread_created_count
    .sdata$l$_tx_thread_created_ptr
                00089d40  00089d43  00000004  tx.a(tx_thread_initialize.o)
                00089d40   _tx_thread_created_ptr
    .sdata$l$_tx_thread_current_ptr
                00089d44  00089d47  00000004  tx.a(tx_thread_initialize.o)
                00089d44   _tx_thread_current_ptr
    .sdata$l$_tx_thread_execute_ptr
MetaWare Linker (ELF/ARCompact) 8.4.6
(c) Copyright 1995-2009, ARC International			Page 14
Mon Jul  9 19:59:26 2012

                00089d48  00089d4b  00000004  tx.a(tx_thread_initialize.o)
                00089d48   _tx_thread_execute_ptr
    .sdata$l$_tx_thread_highest_priority
                00089d4c  00089d4f  00000004  tx.a(tx_thread_initialize.o)
                00089d4c   _tx_thread_highest_priority
    .sdata$l$_tx_thread_preempt_disable
                00089d50  00089d53  00000004  tx.a(tx_thread_initialize.o)
                00089d50   _tx_thread_preempt_disable
    .sdata$l$_tx_thread_preempted_maps
                00089d54  00089d57  00000004  tx.a(tx_thread_initialize.o)
                00089d54   _tx_thread_preempted_maps
    .sdata$l$_tx_thread_priority_maps
                00089d58  00089d5b  00000004  tx.a(tx_thread_initialize.o)
                00089d58   _tx_thread_priority_maps
    .sdata$l$_tx_thread_system_stack_ptr
                00089d5c  00089d5f  00000004  tx.a(tx_thread_initialize.o)
                00089d5c   _tx_thread_system_stack_ptr
    .sdata$l$_tx_thread_system_state
                00089d60  00089d63  00000004  tx.a(tx_thread_initialize.o)
                00089d60   _tx_thread_system_state
    .sdata$l$_tx_timer_created_count
                00089d64  00089d67  00000004  tx.a(tx_timer_initialize.o)
                00089d64   _tx_timer_created_count
    .sdata$l$_tx_timer_created_ptr
                00089d68  00089d6b  00000004  tx.a(tx_timer_initialize.o)
                00089d68   _tx_timer_created_ptr
    .sdata$l$_tx_timer_current_ptr
                00089d6c  00089d6f  00000004  tx.a(tx_timer_initialize.o)
                00089d6c   _tx_timer_current_ptr
    .sdata$l$_tx_timer_expired
                00089d70  00089d73  00000004  tx.a(tx_timer_initialize.o)
                00089d70   _tx_timer_expired
    .sdata$l$_tx_timer_expired_time_slice
                00089d74  00089d77  00000004  tx.a(tx_timer_initialize.o)
                00089d74   _tx_timer_expired_time_slice
    .sdata$l$_tx_timer_list_end
                00089d78  00089d7b  00000004  tx.a(tx_timer_initialize.o)
                00089d78   _tx_timer_list_end
    .sdata$l$_tx_timer_list_start
                00089d7c  00089d7f  00000004  tx.a(tx_timer_initialize.o)
                00089d7c   _tx_timer_list_start
    .sdata$l$_tx_timer_priority
                00089d80  00089d83  00000004  tx.a(tx_timer_initialize.o)
                00089d80   _tx_timer_priority
    .sdata$l$_tx_timer_stack_size
                00089d84  00089d87  00000004  tx.a(tx_timer_initialize.o)
                00089d84   _tx_timer_stack_size
    .sdata$l$_tx_timer_stack_start
                00089d88  00089d8b  00000004  tx.a(tx_timer_initialize.o)
                00089d88   _tx_timer_stack_start
    .sdata$l$_tx_timer_system_clock
                00089d8c  00089d8f  00000004  tx.a(tx_timer_initialize.o)
                00089d8c   _tx_timer_system_clock
    .sdata$l$_tx_timer_time_slice
                00089d90  00089d93  00000004  tx.a(tx_timer_initialize.o)
                00089d90   _tx_timer_time_slice
MetaWare Linker (ELF/ARCompact) 8.4.6
(c) Copyright 1995-2009, ARC International			Page 15
Mon Jul  9 19:59:26 2012

    .sdata$l$cb_func
                00089d94  00089d97  00000004  input_panel.o
                00089d94   cb_func
    .sdata$l$inputText
                00089d98  00089d9b  00000004  ex3.o
                00089d98   inputText
    .sdata$l$l  00089d9c  00089d9f  00000004  UI.o
                00089d9c   l
    .sdata$l$lastTime
                00089da0  00089da3  00000004  UI.o
                00089da0   lastTime
    .sdata$l$len12
                00089da4  00089da7  00000004  smsClient.o
                00089da4   len12
    .sdata$l$my_isOneShot0
                00089da8  00089dab  00000004  timer.o
                00089da8   my_isOneShot0
    .sdata$l$my_isOneShot1
                00089dac  00089daf  00000004  timer.o
                00089dac   my_isOneShot1
    .sdata$l$my_network_regs
                00089db0  00089db3  00000004  network.o
                00089db0   my_network_regs
    .sdata$l$my_timer0_cb
                00089db4  00089db7  00000004  timer.o
                00089db4   my_timer0_cb
    .sdata$l$my_timer1_cb
                00089db8  00089dbb  00000004  timer.o
                00089db8   my_timer1_cb
    .sdata$l$newMessageNumberPos
                00089dbc  00089dbf  00000004  UI.o
                00089dbc   newMessageNumberPos
    .sdata$l$status
                00089dc0  00089dc3  00000004  ex3.o
                00089dc0   status

.data    bss    00089dc4  00089df8  00000035

    .data       00089dc4  00089dcb  00000008  smsClient.o
                00089dc4   myId
    .data       00089dcc  00089dd7  0000000c  /cs/course/current/embsys/ARC/MetaWare/arc/lib/a6/le/libct.a(arc_main.o)
                00089dcc   __enable_prof_interrupt
                00089dd0   __INITBSS__
                00089dd4   __main_at
    .data       00089dd8  00089ddf  00000008  /cs/course/current/embsys/ARC/MetaWare/arc/lib/a6/le/libct.a(atexit.o)
    .data       00089de0  00089de3  00000004  /cs/course/current/embsys/ARC/MetaWare/arc/lib/a6/le/libct.a(_cleanup.o)
                00089de0   _exitv
    .data       00089de4  00089de7  00000004  /cs/course/current/embsys/ARC/MetaWare/arc/lib/a6/le/libct.a(exit.o)
    .data       00089de8  00089deb  00000004  /cs/course/current/embsys/ARC/MetaWare/arc/lib/a6/le/libct.a(_fclosfp.o)
                00089de8   _fclose_exit_p
    .data       00089dec  00089dec  00000001  /cs/course/current/embsys/ARC/MetaWare/arc/lib/a6/le/libhlt.a(hl_bios.o)
    <padding>   00089ded  00089def  00000003
    .data       00089df0  00089df3  00000004  /cs/course/current/embsys/ARC/MetaWare/arc/lib/a6/le/libhlt.a(hl_lock.o)
                00089df0   _mwhl_lock
    .data       00089df4  00089df7  00000004  /cs/course/current/embsys/ARC/MetaWare/arc/lib/a6/le/libmw.a(mwdctor.o)
    .data$xskip 00089df8  00089df8  00000001  /cs/course/current/embsys/ARC/MetaWare/arc/lib/a6/le/libct.a(xcheck.o)
MetaWare Linker (ELF/ARCompact) 8.4.6
(c) Copyright 1995-2009, ARC International			Page 16
Mon Jul  9 19:59:26 2012

                00089df8   __xcheck_skip

.stack   bss    00089dfc  0008adfb  00001000


.comment info   00000000  00001409  0000140a

    .comment    00000000  00000016  00000017  <Linker Defined>
    .comment    00000017  00000050  0000003a  ex3.o
    .comment    00000051  0000008a  0000003a  LCD.o
    .comment    0000008b  000000c6  0000003c  timer.o
    .comment    000000c7  00000105  0000003f  tebahpla.o
    .comment    00000106  00000147  00000042  input_panel.o
    .comment    00000148  00000180  00000039  UI.o
    .comment    00000181  000001be  0000003e  network.o
    .comment    000001bf  0000021d  0000005f  embsys_sms_protocol.sol
    .comment    0000021e  0000025d  00000040  smsClient.o
    .comment    0000025e  000002aa  0000004d  tx.a(tx_initialize_kernel_enter.o)
    .comment    000002ab  000002f1  00000047  tx.a(tx_thread_initialize.o)
    .comment    000002f2  00000338  00000047  tx.a(tx_thread_time_slice.o)
    .comment    00000339  00000376  0000003e  tx.a(tx_time_get.o)
    .comment    00000377  000003c4  0000004e  tx.a(tx_timer_expiration_process.o)
    .comment    000003c5  0000040a  00000046  tx.a(tx_timer_initialize.o)
    .comment    0000040b  00000452  00000048  tx.a(tx_timer_thread_entry.o)
    .comment    00000453  0000049b  00000049  tx.a(txe_event_flags_create.o)
    .comment    0000049c  000004e1  00000046  tx.a(txe_event_flags_get.o)
    .comment    000004e2  00000527  00000046  tx.a(txe_event_flags_set.o)
    .comment    00000528  0000056a  00000043  tx.a(txe_queue_create.o)
    .comment    0000056b  000005af  00000045  tx.a(txe_queue_info_get.o)
    .comment    000005b0  000005f3  00000044  tx.a(txe_queue_receive.o)
    .comment    000005f4  00000634  00000041  tx.a(txe_queue_send.o)
    .comment    00000635  00000678  00000044  tx.a(txe_thread_create.o)
    .comment    00000679  000006bd  00000045  tx.a(txe_timer_activate.o)
    .comment    000006be  00000700  00000043  tx.a(txe_timer_change.o)
    .comment    00000701  00000743  00000043  tx.a(txe_timer_create.o)
    .comment    00000744  0000078a  00000047  tx.a(txe_timer_deactivate.o)
    .comment    0000078b  000007d2  00000048  tx.a(tx_event_flags_create.o)
    .comment    000007d3  00000817  00000045  tx.a(tx_event_flags_get.o)
    .comment    00000818  0000085c  00000045  tx.a(tx_event_flags_set.o)
    .comment    0000085d  000008a7  0000004b  tx.a(tx_initialize_high_level.o)
    .comment    000008a8  000008e9  00000042  tx.a(tx_queue_create.o)
    .comment    000008ea  0000092d  00000044  tx.a(tx_queue_info_get.o)
    .comment    0000092e  00000970  00000043  tx.a(tx_queue_receive.o)
    .comment    00000971  000009b0  00000040  tx.a(tx_queue_send.o)
    .comment    000009b1  000009f3  00000043  tx.a(tx_thread_create.o)
    .comment    000009f4  00000a3b  00000048  tx.a(tx_thread_shell_entry.o)
    .comment    00000a3c  00000a8c  00000051  tx.a(tx_thread_system_preempt_check.o)
    .comment    00000a8d  00000ad6  0000004a  tx.a(tx_thread_system_resume.o)
    .comment    00000ad7  00000b21  0000004b  tx.a(tx_thread_system_suspend.o)
    .comment    00000b22  00000b65  00000044  tx.a(tx_thread_timeout.o)
    .comment    00000b66  00000ba9  00000044  tx.a(tx_timer_activate.o)
    .comment    00000baa  00000beb  00000042  tx.a(tx_timer_change.o)
    .comment    00000bec  00000c2d  00000042  tx.a(tx_timer_create.o)
    .comment    00000c2e  00000c73  00000046  tx.a(tx_timer_deactivate.o)
    .comment    00000c74  00000cbe  0000004b  tx.a(tx_timer_system_activate.o)
    .comment    00000cbf  00000d0b  0000004d  tx.a(tx_timer_system_deactivate.o)
MetaWare Linker (ELF/ARCompact) 8.4.6
(c) Copyright 1995-2009, ARC International			Page 17
Mon Jul  9 19:59:26 2012

    .comment    00000d0c  00000d54  00000049  tx.a(tx_event_flags_cleanup.o)
    .comment    00000d55  00000d97  00000043  tx.a(tx_queue_cleanup.o)
    .comment    00000d98  00000ded  00000056  /cs/course/current/embsys/ARC/MetaWare/arc/lib/a6/le/libct.a(lzdecompress.o)
    .comment    00000dee  00000e42  00000055  /cs/course/current/embsys/ARC/MetaWare/arc/lib/a6/le/libct.a(arc_main.o)
    .comment    00000e43  00000e91  0000004f  /cs/course/current/embsys/ARC/MetaWare/arc/lib/a6/le/libct.a(atexit.o)
    .comment    00000e92  00000ee2  00000051  /cs/course/current/embsys/ARC/MetaWare/arc/lib/a6/le/libct.a(_cleanup.o)
    .comment    00000ee3  00000f2f  0000004d  /cs/course/current/embsys/ARC/MetaWare/arc/lib/a6/le/libct.a(exit.o)
    .comment    00000f30  00000f77  00000048  /cs/course/current/embsys/ARC/MetaWare/arc/lib/a6/le/libct.a(initcopy.o)
    .comment    00000f78  00000fbf  00000048  /cs/course/current/embsys/ARC/MetaWare/arc/lib/a6/le/libct.a(f_memset.o)
    .comment    00000fc0  00001005  00000046  /cs/course/current/embsys/ARC/MetaWare/arc/lib/a6/le/libct.a(strcpy.o)
    .comment    00001006  00001054  0000004f  /cs/course/current/embsys/ARC/MetaWare/arc/lib/a6/le/libct.a(strlen.o)
    .comment    00001055  000010a5  00000051  /cs/course/current/embsys/ARC/MetaWare/arc/lib/a6/le/libct.a(_fclosfp.o)
    .comment    000010a6  000010f4  0000004f  /cs/course/current/embsys/ARC/MetaWare/arc/lib/a6/le/libct.a(memchr.o)
    .comment    000010f5  00001141  0000004d  /cs/course/current/embsys/ARC/MetaWare/arc/lib/a6/le/libhlt.a(argv.o)
    .comment    00001142  0000118f  0000004e  /cs/course/current/embsys/ARC/MetaWare/arc/lib/a6/le/libhlt.a(_exit.o)
    .comment    00001190  000011df  00000050  /cs/course/current/embsys/ARC/MetaWare/arc/lib/a6/le/libhlt.a(hl_bios.o)
    .comment    000011e0  0000122f  00000050  /cs/course/current/embsys/ARC/MetaWare/arc/lib/a6/le/libhlt.a(hl_data.o)
    .comment    00001230  0000127f  00000050  /cs/course/current/embsys/ARC/MetaWare/arc/lib/a6/le/libhlt.a(hl_lock.o)
    .comment    00001280  000012c6  00000047  /cs/course/current/embsys/ARC/MetaWare/arc/lib/a6/le/libhlt.a(hostcom.o)
    .comment    000012c7  00001317  00000051  /cs/course/current/embsys/ARC/MetaWare/arc/lib/a6/le/libmw.a(mutexg.o)
    .comment    00001318  00001369  00000052  /cs/course/current/embsys/ARC/MetaWare/arc/lib/a6/le/libmw.a(mwdctor.o)
    .comment    0000136a  000013ba  00000051  /cs/course/current/embsys/ARC/MetaWare/arc/lib/a6/le/libmw.a(_memclr.o)
    .comment    000013bb  00001409  0000004f  /cs/course/current/embsys/ARC/MetaWare/arc/lib/a6/le/libmw.a(startk.o)

.arcextmap
         info   00000000  00000057  00000058

    .arcextmap.aux.33
                00000000  0000000f  00000010  ivt.o
    .arcextmap.aux.34
                00000010  00000022  00000013  ivt.o
    .arcextmap.aux.35
                00000023  00000033  00000011  ivt.o
    .arcextmap.inst.3.5.0
                00000034  0000003c  00000009  /cs/course/current/embsys/ARC/MetaWare/arc/lib/a6/le/crt1.o
    .arcextmap.inst.3.5.1
                0000003d  00000045  00000009  /cs/course/current/embsys/ARC/MetaWare/arc/lib/a6/le/crt1.o
    .arcextmap.inst.3.5.2
                00000046  0000004e  00000009  /cs/course/current/embsys/ARC/MetaWare/arc/lib/a6/le/crt1.o
    .arcextmap.inst.3.5.3
                0000004f  00000057  00000009  /cs/course/current/embsys/ARC/MetaWare/arc/lib/a6/le/crt1.o

.debug_pubnames
         info   00000000  000008a7  000008a8

    .debug_pubnames
                00000000  00000118  00000119  ex3.o
    .debug_pubnames
                00000119  0000018d  00000075  LCD.o
    .debug_pubnames
                0000018e  00000229  0000009c  timer.o
    .debug_pubnames
                0000022a  0000026f  00000046  tebahpla.o
    .debug_pubnames
                00000270  000002c9  0000005a  input_panel.o
    .debug_pubnames
MetaWare Linker (ELF/ARCompact) 8.4.6
(c) Copyright 1995-2009, ARC International			Page 18
Mon Jul  9 19:59:26 2012

                000002ca  000005a6  000002dd  UI.o
    .debug_pubnames
                000005a7  0000065b  000000b5  network.o
    .debug_pubnames
                0000065c  00000882  00000227  smsClient.o
    .debug_pubnames
                00000883  000008a7  00000025  ivt.o

.debug_aranges
         info   00000000  0000011f  00000120

    .debug_aranges
                00000000  0000001f  00000020  ex3.o
    .debug_aranges
                00000020  0000003f  00000020  LCD.o
    .debug_aranges
                00000040  0000005f  00000020  timer.o
    .debug_aranges
                00000060  0000007f  00000020  tebahpla.o
    .debug_aranges
                00000080  0000009f  00000020  input_panel.o
    .debug_aranges
                000000a0  000000bf  00000020  UI.o
    .debug_aranges
                000000c0  000000df  00000020  network.o
    .debug_aranges
                000000e0  000000ff  00000020  smsClient.o
    .debug_aranges
                00000100  0000011f  00000020  ivt.o

.debug_frame
         info   00000000  00003593  00003594

    .debug_frame
                00000000  00000077  00000078  /cs/course/current/embsys/ARC/MetaWare/arc/lib/a6/le/crt1.o
    .debug_frame
                00000078  000000ff  00000088  /cs/course/current/embsys/ARC/MetaWare/arc/lib/a6/le/crti.o
    .debug_frame
                00000100  000001e3  000000e4  ex3.o
    .debug_frame
                000001e4  000002d3  000000f0  LCD.o
    .debug_frame
                000002d4  000003ab  000000d8  timer.o
    .debug_frame
                000003ac  0000047f  000000d4  tebahpla.o
    .debug_frame
                00000480  00000537  000000b8  input_panel.o
    .debug_frame
                00000538  000008db  000003a4  UI.o
    .debug_frame
                000008dc  00000a1b  00000140  network.o
    .debug_frame
                00000a1c  00000b63  00000148  embsys_sms_protocol.sol
    .debug_frame
                00000b64  00000e07  000002a4  smsClient.o
    .debug_frame
MetaWare Linker (ELF/ARCompact) 8.4.6
(c) Copyright 1995-2009, ARC International			Page 19
Mon Jul  9 19:59:26 2012

                00000e08  00000e6f  00000068  tx.a(tx_initialize_kernel_enter.o)
    .debug_frame
                00000e70  00000edf  00000070  tx.a(tx_thread_initialize.o)
    .debug_frame
                00000ee0  00000f67  00000088  tx.a(tx_thread_time_slice.o)
    .debug_frame
                00000f68  00000fd7  00000070  tx.a(tx_time_get.o)
    .debug_frame
                00000fd8  00001037  00000060  tx.a(tx_timer_expiration_process.o)
    .debug_frame
                00001038  000010ab  00000074  tx.a(tx_timer_initialize.o)
    .debug_frame
                000010ac  00001147  0000009c  tx.a(tx_timer_thread_entry.o)
    .debug_frame
                00001148  000011d7  00000090  tx.a(txe_event_flags_create.o)
    .debug_frame
                000011d8  0000126b  00000094  tx.a(txe_event_flags_get.o)
    .debug_frame
                0000126c  000012eb  00000080  tx.a(txe_event_flags_set.o)
    .debug_frame
                000012ec  0000136f  00000084  tx.a(txe_queue_create.o)
    .debug_frame
                00001370  000013db  0000006c  tx.a(txe_queue_info_get.o)
    .debug_frame
                000013dc  00001463  00000088  tx.a(txe_queue_receive.o)
    .debug_frame
                00001464  000014eb  00000088  tx.a(txe_queue_send.o)
    .debug_frame
                000014ec  00001583  00000098  tx.a(txe_thread_create.o)
    .debug_frame
                00001584  000015ef  0000006c  tx.a(txe_timer_activate.o)
    .debug_frame
                000015f0  00001677  00000088  tx.a(txe_timer_change.o)
    .debug_frame
                00001678  00001703  0000008c  tx.a(txe_timer_create.o)
    .debug_frame
                00001704  0000176f  0000006c  tx.a(txe_timer_deactivate.o)
    .debug_frame
                00001770  000017df  00000070  tx.a(tx_event_flags_create.o)
    .debug_frame
                000017e0  00001863  00000084  tx.a(tx_event_flags_get.o)
    .debug_frame
                00001864  00001923  000000c0  tx.a(tx_event_flags_set.o)
    .debug_frame
                00001924  0000198f  0000006c  tx.a(tx_initialize_high_level.o)
    .debug_frame
                00001990  00001a0f  00000080  tx.a(tx_queue_create.o)
    .debug_frame
                00001a10  00001a97  00000088  tx.a(tx_queue_info_get.o)
    .debug_frame
                00001a98  00001b43  000000ac  tx.a(tx_queue_receive.o)
    .debug_frame
                00001b44  00001bef  000000ac  tx.a(tx_queue_send.o)
    .debug_frame
                00001bf0  00001c8b  0000009c  tx.a(tx_thread_create.o)
    .debug_frame
MetaWare Linker (ELF/ARCompact) 8.4.6
(c) Copyright 1995-2009, ARC International			Page 20
Mon Jul  9 19:59:26 2012

                00001c8c  00001cff  00000074  tx.a(tx_thread_shell_entry.o)
    .debug_frame
                00001d00  00001d6b  0000006c  tx.a(tx_thread_system_preempt_check.o)
    .debug_frame
                00001d6c  00001ddb  00000070  tx.a(tx_thread_system_resume.o)
    .debug_frame
                00001ddc  00001e4f  00000074  tx.a(tx_thread_system_suspend.o)
    .debug_frame
                00001e50  00001ed7  00000088  tx.a(tx_thread_timeout.o)
    .debug_frame
                00001ed8  00001f43  0000006c  tx.a(tx_timer_activate.o)
    .debug_frame
                00001f44  00001fb7  00000074  tx.a(tx_timer_change.o)
    .debug_frame
                00001fb8  0000203f  00000088  tx.a(tx_timer_create.o)
    .debug_frame
                00002040  000020af  00000070  tx.a(tx_timer_deactivate.o)
    .debug_frame
                000020b0  0000211f  00000070  tx.a(tx_timer_system_activate.o)
    .debug_frame
                00002120  0000218f  00000070  tx.a(tx_timer_system_deactivate.o)
    .debug_frame
                00002190  000021ff  00000070  tx.a(tx_event_flags_cleanup.o)
    .debug_frame
                00002200  0000226f  00000070  tx.a(tx_queue_cleanup.o)
    .debug_frame
                00002270  000022e3  00000074  /cs/course/current/embsys/ARC/MetaWare/arc/lib/a6/le/libct.a(lzdecompress.o)
    .debug_frame
                000022e4  000023a7  000000c4  /cs/course/current/embsys/ARC/MetaWare/arc/lib/a6/le/libct.a(arc_main.o)
    .debug_frame
                000023a8  0000244b  000000a4  /cs/course/current/embsys/ARC/MetaWare/arc/lib/a6/le/libct.a(atexit.o)
    .debug_frame
                0000244c  000024e3  00000098  /cs/course/current/embsys/ARC/MetaWare/arc/lib/a6/le/libct.a(_cleanup.o)
    .debug_frame
                000024e4  00002553  00000070  /cs/course/current/embsys/ARC/MetaWare/arc/lib/a6/le/libct.a(exit.o)
    .debug_frame
                00002554  00002603  000000b0  /cs/course/current/embsys/ARC/MetaWare/arc/lib/a6/le/libct.a(initcopy.o)
    .debug_frame
                00002604  00002667  00000064  /cs/course/current/embsys/ARC/MetaWare/arc/lib/a6/le/libct.a(memcpy.o)
    .debug_frame
                00002668  000026d3  0000006c  /cs/course/current/embsys/ARC/MetaWare/arc/lib/a6/le/libct.a(f_memset.o)
    .debug_frame
                000026d4  00002743  00000070  /cs/course/current/embsys/ARC/MetaWare/arc/lib/a6/le/libct.a(strcpy.o)
    .debug_frame
                00002744  000027b3  00000070  /cs/course/current/embsys/ARC/MetaWare/arc/lib/a6/le/libct.a(strlen.o)
    .debug_frame
                000027b4  0000283f  0000008c  /cs/course/current/embsys/ARC/MetaWare/arc/lib/a6/le/libct.a(_enable.o)
    .debug_frame
                00002840  000028b7  00000078  /cs/course/current/embsys/ARC/MetaWare/arc/lib/a6/le/libct.a(invcache.o)
    .debug_frame
                000028b8  0000291b  00000064  /cs/course/current/embsys/ARC/MetaWare/arc/lib/a6/le/libct.a(memchr.o)
    .debug_frame
                0000291c  000029b7  0000009c  /cs/course/current/embsys/ARC/MetaWare/arc/lib/a6/le/libhlt.a(argv.o)
    .debug_frame
                000029b8  00002a27  00000070  /cs/course/current/embsys/ARC/MetaWare/arc/lib/a6/le/libhlt.a(_exit.o)
    .debug_frame
MetaWare Linker (ELF/ARCompact) 8.4.6
(c) Copyright 1995-2009, ARC International			Page 21
Mon Jul  9 19:59:26 2012

                00002a28  00002ae3  000000bc  /cs/course/current/embsys/ARC/MetaWare/arc/lib/a6/le/libhlt.a(hl_bios.o)
    .debug_frame
                00002ae4  00002b47  00000064  /cs/course/current/embsys/ARC/MetaWare/arc/lib/a6/le/libhlt.a(hl_data.o)
    .debug_frame
                00002b48  00002bbf  00000078  /cs/course/current/embsys/ARC/MetaWare/arc/lib/a6/le/libhlt.a(hl_lock.o)
    .debug_frame
                00002bc0  00002db3  000001f4  /cs/course/current/embsys/ARC/MetaWare/arc/lib/a6/le/libhlt.a(hostcom.o)
    .debug_frame
                00002db4  00002e1f  0000006c  /cs/course/current/embsys/ARC/MetaWare/arc/lib/a6/le/libmw.a(ac_chkstk.o)
    .debug_frame
                00002e20  00002e97  00000078  /cs/course/current/embsys/ARC/MetaWare/arc/lib/a6/le/libmw.a(ac_mc_13.o)
    .debug_frame
                00002e98  00002efb  00000064  /cs/course/current/embsys/ARC/MetaWare/arc/lib/a6/le/libmw.a(div.o)
    .debug_frame
                00002efc  00002f9b  000000a0  /cs/course/current/embsys/ARC/MetaWare/arc/lib/a6/le/libmw.a(mutexg.o)
    .debug_frame
                00002f9c  000030bf  00000124  /cs/course/current/embsys/ARC/MetaWare/arc/lib/a6/le/libmw.a(mwdctor.o)
    .debug_frame
                000030c0  00003123  00000064  /cs/course/current/embsys/ARC/MetaWare/arc/lib/a6/le/libmw.a(_vdmemcpy.o)
    .debug_frame
                00003124  00003187  00000064  /cs/course/current/embsys/ARC/MetaWare/arc/lib/a6/le/libmw.a(_vsmemcpy.o)
    .debug_frame
                00003188  000031fb  00000074  /cs/course/current/embsys/ARC/MetaWare/arc/lib/a6/le/libmw.a(_memclr.o)
    .debug_frame
                000031fc  0000325f  00000064  /cs/course/current/embsys/ARC/MetaWare/arc/lib/a6/le/libmw.a(startk.o)
    .debug_frame
                00003260  000032d7  00000078  /cs/course/current/embsys/ARC/MetaWare/arc/lib/a6/le/libmw.a(div0max.o)
    .debug_frame.0
                000032d8  0000333b  00000064  /cs/course/current/embsys/ARC/MetaWare/arc/lib/a6/le/libmw.a(mwsetbitu.o)
    .debug_frame.0
                0000333c  0000339f  00000064  /cs/course/current/embsys/ARC/MetaWare/arc/lib/a6/le/libmw.a(mwsetubitu.o)
    .debug_frame.0
                000033a0  00003403  00000064  /cs/course/current/embsys/ARC/MetaWare/arc/lib/a6/le/libmw.a(mwinsert.o)
    .debug_frame.1
                00003404  00003467  00000064  /cs/course/current/embsys/ARC/MetaWare/arc/lib/a6/le/libmw.a(mwsetbitu.o)
    .debug_frame.1
                00003468  000034cb  00000064  /cs/course/current/embsys/ARC/MetaWare/arc/lib/a6/le/libmw.a(mwsetubitu.o)
    .debug_frame.2
                000034cc  0000352f  00000064  /cs/course/current/embsys/ARC/MetaWare/arc/lib/a6/le/libmw.a(mwsetbitu.o)
    .debug_frame.2
                00003530  00003593  00000064  /cs/course/current/embsys/ARC/MetaWare/arc/lib/a6/le/libmw.a(mwsetubitu.o)

.debug_line
         info   00000000  000019f9  000019fa

    .debug_line 00000000  000000e3  000000e4  ex3.o
    .debug_line 000000e4  00000217  00000134  LCD.o
    .debug_line 00000218  000003a7  00000190  timer.o
    .debug_line 000003a8  0000045f  000000b8  tebahpla.o
    .debug_line 00000460  00000523  000000c4  input_panel.o
    .debug_line 00000524  00000fb8  00000a95  UI.o
    .debug_line 00000fb9  000012c7  0000030f  network.o
    .debug_line 000012c8  0000189d  000005d6  smsClient.o
    .debug_line 0000189e  000019f9  0000015c  ivt.o

.debug_info
MetaWare Linker (ELF/ARCompact) 8.4.6
(c) Copyright 1995-2009, ARC International			Page 22
Mon Jul  9 19:59:26 2012

         info   00000000  00007fe8  00007fe9

    .debug_info 00000000  00001d5c  00001d5d  ex3.o
    .debug_info 00001d5d  000020a8  0000034c  LCD.o
    .debug_info 000020a9  0000245d  000003b5  timer.o
    .debug_info 0000245e  00002748  000002eb  tebahpla.o
    .debug_info 00002749  00002acb  00000383  input_panel.o
    .debug_info 00002acc  00004fb3  000024e8  UI.o
    .debug_info 00004fb4  00005b48  00000b95  network.o
    .debug_info 00005b49  00007ecc  00002384  smsClient.o
    .debug_info 00007ecd  00007fe8  0000011c  ivt.o

.debug_abbrev
         info   00000000  00000a42  00000a43

    .debug_abbrev
                00000000  0000013d  0000013e  ex3.o
    .debug_abbrev
                0000013e  00000249  0000010c  LCD.o
    .debug_abbrev
                0000024a  00000365  0000011c  timer.o
    .debug_abbrev
                00000366  0000046c  00000107  tebahpla.o
    .debug_abbrev
                0000046d  000005a1  00000135  input_panel.o
    .debug_abbrev
                000005a2  0000074d  000001ac  UI.o
    .debug_abbrev
                0000074e  00000886  00000139  network.o
    .debug_abbrev
                00000887  00000a16  00000190  smsClient.o
    .debug_abbrev
                00000a17  00000a42  0000002c  ivt.o

.strtab  info   00000000  0000242b  0000242c

    .strtab     00000000  0000242b  0000242c  ex3.out

.symtab  info   00000000  00003c2f  00003c30

    .symtab     00000000  00003c2f  00003c30  ex3.out

.shstrtab
         info   00000000  000000db  000000dc

    .shstrtab   00000000  000000db  000000dc  ex3.out

INITDATA Contents
-----------------
    Section     Offset Compressed size  %Compression
    -------     ------ ---------------  ------------
    .data1     0x0000c    541 (0x21d)      29.53%
    .ucdata    0x00234     51 (0x33)       19.92%
    .sdata     0x00270     52 (0x34)       26.53%
    .data      0x002ac     33 (0x21)       62.26%

MetaWare Linker (ELF/ARCompact) 8.4.6
(c) Copyright 1995-2009, ARC International			Page 23
Mon Jul  9 19:59:26 2012

SMALL DATA AREA (SDA) SUMMARY
-----------------------------
SMALL DATA section .sdata, size 196, addr 0x89d00, basereg 0x89d00 (off 0x0)
    maximum section size 2048 bytes
    1-byte total size 0 (max 512)
    2-byte total size 0 (max 1024)
    4-byte total size 184 (max 2048)
    other data size 12


START ADDRESS:	000001A0
